C51 COMPILER V9.60.7.0   I2C_OLED                                                          09/14/2026 21:08:46 PAGE 1   


C51 COMPILER V9.60.7.0, COMPILATION OF MODULE I2C_OLED
OBJECT MODULE PLACED IN .\Objects\I2C_OLED.obj
COMPILER INVOKED BY: D:\Develop\Keil_v5\C51\BIN\C51.EXE Driver\I2C_OLED\I2C_OLED.c LARGE OPTIMIZE(8,SPEED) BROWSE INCDIR
                    -(.\App;.\Driver;.\Lib;.\User;.\Driver\I2C_OLED;.\Driver\SPI_OLED) DEBUG OBJECTEXTEND PRINT(.\Listings\I2C_OLED.lst) OBJE
                    -CT(.\Objects\I2C_OLED.obj)

line level    source

   1          #include "I2C_OLED.h"
   2          #include "oledfont.h"
   3          #include "GPIO.h"
   4          #include "I2C.h"
   5          #include "NVIC.h"
   6          #include "Switch.h"
   7          
   8          //#include "bmp.h" // bitmap
   9          //OLED的显存
  10          //存放格式如下.
  11          //[0]0 1 2 3 ... 127    
  12          //[1]0 1 2 3 ... 127    
  13          //[2]0 1 2 3 ... 127    
  14          //[3]0 1 2 3 ... 127    
  15          //[4]0 1 2 3 ... 127    
  16          //[5]0 1 2 3 ... 127    
  17          //[6]0 1 2 3 ... 127    
  18          //[7]0 1 2 3 ... 127                       
  19          //void delay_ms(unsigned int ms)
  20          //{                         
  21          //      unsigned int a;
  22          //      while(ms)
  23          //      {
  24          //              a=1800;
  25          //              while(a--);
  26          //              ms--;
  27          //      }
  28          //      return;
  29          //}
  30          
  31          //反显函数
  32          void I2C_OLED_ColorTurn(u8 i)
  33          {
  34   1              if(i==0)
  35   1                      {
  36   2                              I2C_OLED_WR_Byte(0xA6,I2C_OLED_CMD);//正常显示
  37   2                      }
  38   1              if(i==1)
  39   1                      {
  40   2                              I2C_OLED_WR_Byte(0xA7,I2C_OLED_CMD);//反色显示
  41   2                      }
  42   1      }
  43          
  44          //屏幕旋转180度
  45          void I2C_OLED_DisplayTurn(u8 i)
  46          {
  47   1              if(i==0)
  48   1                      {
  49   2                              I2C_OLED_WR_Byte(0xC8,I2C_OLED_CMD);//正常显示
  50   2                              I2C_OLED_WR_Byte(0xA1,I2C_OLED_CMD);
  51   2                      }
  52   1              if(i==1)
  53   1                      {
C51 COMPILER V9.60.7.0   I2C_OLED                                                          09/14/2026 21:08:46 PAGE 2   

  54   2                              I2C_OLED_WR_Byte(0xC0,I2C_OLED_CMD);//反转显示
  55   2                              I2C_OLED_WR_Byte(0xA0,I2C_OLED_CMD);
  56   2                      }
  57   1      }
  58          
  59          
  60          //延时
  61          void IIC_delay(void)
  62          {
  63   1              u8 t=1;
  64   1              while(t--);
  65   1      }
  66          
  67          //起始信号
  68          void I2C_Start(void)
  69          {
  70   1              I2C_OLED_SDA_Set();
  71   1              I2C_OLED_SCL_Set();
  72   1              IIC_delay();
  73   1              I2C_OLED_SDA_Clr();
  74   1              IIC_delay();
  75   1              I2C_OLED_SCL_Clr();
  76   1               
  77   1      }
  78          
  79          //结束信号
  80          void I2C_Stop(void)
  81          {
  82   1              I2C_OLED_SDA_Clr();
  83   1              I2C_OLED_SCL_Set();
  84   1              IIC_delay();
  85   1              I2C_OLED_SDA_Set();
  86   1      }
  87          
  88          //等待信号响应
  89          void I2C_WaitAck(void) //测数据信号的电平
  90          {
  91   1              I2C_OLED_SDA_Set();
  92   1              IIC_delay();
  93   1              I2C_OLED_SCL_Set();
  94   1              IIC_delay();
  95   1              I2C_OLED_SCL_Clr();
  96   1              IIC_delay();
  97   1      }
  98          
  99          //写入一个字节
 100          void Send_Byte(u8 dat)
 101          {
 102   1              u8 i;
 103   1              for(i=0;i<8;i++)
 104   1              {
 105   2                      I2C_OLED_SCL_Clr();//将时钟信号设置为低电平
 106   2                      if(dat&0x80)//将dat的8位从最高位依次写入
 107   2                      {
 108   3                              I2C_OLED_SDA_Set();
 109   3          }
 110   2                      else
 111   2                      {
 112   3                              I2C_OLED_SDA_Clr();
 113   3          }
 114   2                      IIC_delay();
 115   2                      I2C_OLED_SCL_Set();
C51 COMPILER V9.60.7.0   I2C_OLED                                                          09/14/2026 21:08:46 PAGE 3   

 116   2                      IIC_delay();
 117   2                      I2C_OLED_SCL_Clr();
 118   2                      dat<<=1;
 119   2        }
 120   1      }
 121          
 122          #if 0
              //发送一个字节
              //向SSD1306写入一个字节。
              //mode:数据/命令标志 0,表示命令;1,表示数据;
              void I2C_OLED_WR_Byte(u8 dat,u8 mode)
              {
                      I2C_Start();
                      Send_Byte(0x78);
                      I2C_WaitAck();
                      if(mode){Send_Byte(0x40);}
                else{Send_Byte(0x00);}
                      I2C_WaitAck();
                      Send_Byte(dat);
                      I2C_WaitAck();
                      I2C_Stop();
              }
              #endif
 139          
 140          void I2C_OLED_WR_Byte(u8 dat,u8 mode) {
 141   1          if(mode) {
 142   2              I2C_WriteNbyte(0x78, 0x40, &dat, 1);
 143   2          } else {
 144   2              I2C_WriteNbyte(0x78, 0x00, &dat, 1);
 145   2          }
 146   1      }
 147          
 148          
 149          
 150          //坐标设置
 151          
 152          void I2C_OLED_Set_Pos(u8 x, u8 y) 
 153          { 
 154   1              I2C_OLED_WR_Byte(0xb0+y,I2C_OLED_CMD);
 155   1              I2C_OLED_WR_Byte(((x&0xf0)>>4)|0x10,I2C_OLED_CMD);
 156   1              I2C_OLED_WR_Byte((x&0x0f),I2C_OLED_CMD);
 157   1      }         
 158          //开启OLED显示    
 159          void I2C_OLED_Display_On(void)
 160          {
 161   1              I2C_OLED_WR_Byte(0X8D,I2C_OLED_CMD);  //SET DCDC命令
 162   1              I2C_OLED_WR_Byte(0X14,I2C_OLED_CMD);  //DCDC ON
 163   1              I2C_OLED_WR_Byte(0XAF,I2C_OLED_CMD);  //DISPLAY ON
 164   1      }
 165          //关闭OLED显示     
 166          void I2C_OLED_Display_Off(void)
 167          {
 168   1              I2C_OLED_WR_Byte(0X8D,I2C_OLED_CMD);  //SET DCDC命令
 169   1              I2C_OLED_WR_Byte(0X10,I2C_OLED_CMD);  //DCDC OFF
 170   1              I2C_OLED_WR_Byte(0XAE,I2C_OLED_CMD);  //DISPLAY OFF
 171   1      }                                        
 172          //清屏函数,清完屏,整个屏幕是黑色的!和没点亮一样!!!        
 173          void I2C_OLED_Clear(void)  
 174          {  
 175   1              u8 i,n;             
 176   1              for(i=0;i<8;i++)  
 177   1              {  
C51 COMPILER V9.60.7.0   I2C_OLED                                                          09/14/2026 21:08:46 PAGE 4   

 178   2                      I2C_OLED_WR_Byte (0xb0+i,I2C_OLED_CMD);    //设置页地址（0~7）
 179   2                      I2C_OLED_WR_Byte (0x00,I2C_OLED_CMD);      //设置显示位置—列低地址
 180   2                      I2C_OLED_WR_Byte (0x10,I2C_OLED_CMD);      //设置显示位置—列高地址   
 181   2                      for(n=0;n<128;n++)I2C_OLED_WR_Byte(0,I2C_OLED_DATA); 
 182   2              } //更新显示
 183   1      }
 184          
 185          //在指定位置显示一个字符,包括部分字符
 186          //x:0~127
 187          //y:0~63                                 
 188          //sizey:选择字体 6x8  8x16
 189          void I2C_OLED_ShowChar(u8 x,u8 y,u8 chr,u8 sizey)
 190          {       
 191   1              u8 c=0,sizex=sizey/2;
 192   1              u16 i=0,size1;
 193   1              if(sizey==8)size1=6;
 194   1              else size1=(sizey/8+((sizey%8)?1:0))*(sizey/2);
 195   1              c=chr-' ';//得到偏移后的值
 196   1              I2C_OLED_Set_Pos(x,y);
 197   1              for(i=0;i<size1;i++)
 198   1              {
 199   2                      if(i%sizex==0&&sizey!=8) I2C_OLED_Set_Pos(x,y++);
 200   2                      if(sizey==8) I2C_OLED_WR_Byte(asc2_0806[c][i],I2C_OLED_DATA);//6X8字号
 201   2                      else if(sizey==16) I2C_OLED_WR_Byte(asc2_1608[c][i],I2C_OLED_DATA);//8x16字号
 202   2      //              else if(sizey==xx) I2C_OLED_WR_Byte(asc2_xxxx[c][i],I2C_OLED_DATA);//用户添加字号
 203   2                      else return;
 204   2              }
 205   1      }
 206          //m^n函数
 207          u32 I2C_OLED_pow(u8 m,u8 n)
 208          {
 209   1              u32 result=1;    
 210   1              while(n--)result*=m;    
 211   1              return result;
 212   1      }                                 
 213          //显示数字
 214          //x,y :起点坐标
 215          //num:要显示的数字
 216          //len :数字的位数
 217          //sizey:字体大小                  
 218          void I2C_OLED_ShowNum(u8 x,u8 y,u32 num,u8 len,u8 sizey)
 219          {               
 220   1              u8 t,temp,m=0;
 221   1              u8 enshow=0;
 222   1              if(sizey==8)m=2;
 223   1              for(t=0;t<len;t++)
 224   1              {
 225   2                      temp=(num/I2C_OLED_pow(10,len-t-1))%10;
 226   2                      if(enshow==0&&t<(len-1))
 227   2                      {
 228   3                              if(temp==0)
 229   3                              {
 230   4                                      I2C_OLED_ShowChar(x+(sizey/2+m)*t,y,' ',sizey);
 231   4                                      continue;
 232   4                              }else enshow=1;
 233   3                      }
 234   2                      I2C_OLED_ShowChar(x+(sizey/2+m)*t,y,temp+'0',sizey);
 235   2              }
 236   1      }
 237          //显示一个字符号串
 238          void I2C_OLED_ShowString(u8 x,u8 y,u8 *chr,u8 sizey)
 239          {
C51 COMPILER V9.60.7.0   I2C_OLED                                                          09/14/2026 21:08:46 PAGE 5   

 240   1              u8 j=0;
 241   1              while (chr[j]!='\0')
 242   1              {               
 243   2                      I2C_OLED_ShowChar(x,y,chr[j++],sizey);
 244   2                      if(sizey==8)x+=6;
 245   2                      else x+=sizey/2;
 246   2              }
 247   1      }
 248          //显示汉字
 249          void I2C_OLED_ShowChinese(u8 x,u8 y,u8 no,u8 sizey)
 250          {
 251   1              u16 i,size1=(sizey/8+((sizey%8)?1:0))*sizey;
 252   1              for(i=0;i<size1;i++)
 253   1              {
 254   2                      if(i%sizey==0) I2C_OLED_Set_Pos(x,y++);
 255   2                      if(sizey==16) I2C_OLED_WR_Byte(Hzk[no][i],I2C_OLED_DATA);//16x16字号
 256   2      //              else if(sizey==xx) I2C_OLED_WR_Byte(xxx[c][i],I2C_OLED_DATA);//用户添加字号
 257   2                      else return;
 258   2              }                               
 259   1      }
 260          
 261          
 262          //显示图片
 263          //x,y显示坐标
 264          //sizex,sizey,图片长宽
 265          //BMP：要显示的图片
 266          void I2C_OLED_DrawBMP(u8 x,u8 y,u8 sizex, u8 sizey,u8 BMP[])
 267          {       
 268   1        u16 j=0;
 269   1              u8 i,m;
 270   1              sizey=sizey/8+((sizey%8)?1:0);
 271   1              for(i=0;i<sizey;i++)
 272   1              {
 273   2                      I2C_OLED_Set_Pos(x,i+y);
 274   2          for(m=0;m<sizex;m++)
 275   2                      {      
 276   3                              I2C_OLED_WR_Byte(BMP[j++],I2C_OLED_DATA);               
 277   3                      }
 278   2              }
 279   1      } 
 280          
 281          static void     I2C_config(void)
 282          {
 283   1              I2C_InitTypeDef         I2C_InitStructure;
 284   1      
 285   1              I2C_InitStructure.I2C_Mode      = I2C_Mode_Master;      //主从选择   I2C_Mode_Master, I2C_Mode_Slave
 286   1              I2C_InitStructure.I2C_Enable    = ENABLE;                       //I2C功能使能,   ENABLE, DISABLE
 287   1              I2C_InitStructure.I2C_MS_WDTA   = DISABLE;                      //主机使能自动发送,  ENABLE, DISABLE
 288   1              I2C_InitStructure.I2C_Speed     = 13;                           //总线速度=Fosc/2/(Speed*2+4),      0~63
 289   1                                                              // 400k, 24M => 13
 290   1              I2C_Init(&I2C_InitStructure);
 291   1              NVIC_I2C_Init(I2C_Mode_Master,DISABLE,Priority_0);      //主从模式, I2C_Mode_Master, I2C_Mode_Slave; 中断使能,
             - ENABLE/DISABLE; 优先级(低到高) Priority_0,Priority_1,Priority_2,Priority_3
 292   1      
 293   1              I2C_SW(I2C_P33_P32);                                    //I2C_P14_P15,I2C_P24_P25,I2C_P33_P32
 294   1      }
 295          
 296          //初始化                                    
 297          void I2C_OLED_Init(void)
 298          {
 299   1          P3_MODE_IO_PU(GPIO_Pin_2 | GPIO_Pin_3);
 300   1          I2C_config();
C51 COMPILER V9.60.7.0   I2C_OLED                                                          09/14/2026 21:08:46 PAGE 6   

 301   1          
 302   1      //      I2C_OLED_RES_Clr();
 303   1      //  delay_ms(200);
 304   1      //      I2C_OLED_RES_Set();
 305   1              
 306   1              I2C_OLED_WR_Byte(0xAE,I2C_OLED_CMD);//--turn off oled panel
 307   1              I2C_OLED_WR_Byte(0x00,I2C_OLED_CMD);//---set low column address
 308   1              I2C_OLED_WR_Byte(0x10,I2C_OLED_CMD);//---set high column address
 309   1              I2C_OLED_WR_Byte(0x40,I2C_OLED_CMD);//--set start line address  Set Mapping RAM Display Start Line (0x00~
             -0x3F)
 310   1              I2C_OLED_WR_Byte(0x81,I2C_OLED_CMD);//--set contrast control register
 311   1              I2C_OLED_WR_Byte(0xCF,I2C_OLED_CMD); // Set SEG Output Current Brightness
 312   1              I2C_OLED_WR_Byte(0xA1,I2C_OLED_CMD);//--Set SEG/Column Mapping     0xa0左右反置 0xa1正常
 313   1              I2C_OLED_WR_Byte(0xC8,I2C_OLED_CMD);//Set COM/Row Scan Direction   0xc0上下反置 0xc8正常
 314   1              I2C_OLED_WR_Byte(0xA6,I2C_OLED_CMD);//--set normal display
 315   1              I2C_OLED_WR_Byte(0xA8,I2C_OLED_CMD);//--set multiplex ratio(1 to 64)
 316   1              I2C_OLED_WR_Byte(0x3f,I2C_OLED_CMD);//--1/64 duty
 317   1              I2C_OLED_WR_Byte(0xD3,I2C_OLED_CMD);//-set display offset       Shift Mapping RAM Counter (0x00~0x3F)
 318   1              I2C_OLED_WR_Byte(0x00,I2C_OLED_CMD);//-not offset
 319   1              I2C_OLED_WR_Byte(0xd5,I2C_OLED_CMD);//--set display clock divide ratio/oscillator frequency
 320   1              I2C_OLED_WR_Byte(0x80,I2C_OLED_CMD);//--set divide ratio, Set Clock as 100 Frames/Sec
 321   1              I2C_OLED_WR_Byte(0xD9,I2C_OLED_CMD);//--set pre-charge period
 322   1              I2C_OLED_WR_Byte(0xF1,I2C_OLED_CMD);//Set Pre-Charge as 15 Clocks & Discharge as 1 Clock
 323   1              I2C_OLED_WR_Byte(0xDA,I2C_OLED_CMD);//--set com pins hardware configuration
 324   1              I2C_OLED_WR_Byte(0x12,I2C_OLED_CMD);
 325   1              I2C_OLED_WR_Byte(0xDB,I2C_OLED_CMD);//--set vcomh
 326   1              I2C_OLED_WR_Byte(0x40,I2C_OLED_CMD);//Set VCOM Deselect Level
 327   1              I2C_OLED_WR_Byte(0x20,I2C_OLED_CMD);//-Set Page Addressing Mode (0x00/0x01/0x02)
 328   1              I2C_OLED_WR_Byte(0x02,I2C_OLED_CMD);//
 329   1              I2C_OLED_WR_Byte(0x8D,I2C_OLED_CMD);//--set Charge Pump enable/disable
 330   1              I2C_OLED_WR_Byte(0x14,I2C_OLED_CMD);//--set(0x10) disable
 331   1              I2C_OLED_WR_Byte(0xA4,I2C_OLED_CMD);// Disable Entire Display On (0xa4/0xa5)
 332   1              I2C_OLED_WR_Byte(0xA6,I2C_OLED_CMD);// Disable Inverse Display On (0xa6/a7) 
 333   1              I2C_OLED_Clear();
 334   1              I2C_OLED_WR_Byte(0xAF,I2C_OLED_CMD); /*display ON*/ 
 335   1      }
 336          
 337          
 338          
 339          


MODULE INFORMATION:   STATIC OVERLAYABLE
   CODE SIZE        =   1538    ----
   CONSTANT SIZE    =   2296    ----
   XDATA SIZE       =   ----      59
   PDATA SIZE       =   ----    ----
   DATA SIZE        =   ----    ----
   IDATA SIZE       =   ----    ----
   BIT SIZE         =   ----    ----
END OF MODULE INFORMATION.


C51 COMPILATION COMPLETE.  0 WARNING(S),  0 ERROR(S)
