C51 COMPILER V9.60.7.0   MAIN                                                              09/14/2026 21:08:46 PAGE 1   


C51 COMPILER V9.60.7.0, COMPILATION OF MODULE MAIN
OBJECT MODULE PLACED IN .\Objects\main.obj
COMPILER INVOKED BY: D:\Develop\Keil_v5\C51\BIN\C51.EXE User\main.c LARGE OPTIMIZE(8,SPEED) BROWSE INCDIR(.\App;.\Driver
                    -;.\Lib;.\User;.\Driver\I2C_OLED;.\Driver\SPI_OLED) DEBUG OBJECTEXTEND PRINT(.\Listings\main.lst) OBJECT(.\Objects\main.o
                    -bj)

line level    source

   1          #include "Config.h"
   2          #include "GPIO.h"
   3          #include "UART.h"
   4          #include "NVIC.h"
   5          #include "Switch.h"
   6          #include "SPI_OLED.h"
   7          #include "I2C_OLED.h"
   8          
   9          void GPIO_config(void) {
  10   1              GPIO_InitTypeDef        GPIO_InitStructure;             //结构定义
  11   1              GPIO_InitStructure.Pin  = GPIO_Pin_0 | GPIO_Pin_1;              //指定要初始化的IO,
  12   1              GPIO_InitStructure.Mode = GPIO_PullUp;  //指定IO的输入或输出方式,GPIO_PullUp,GPIO_HighZ,GPIO_OUT_OD,GPIO_O
             -UT_PP
  13   1              GPIO_Inilize(GPIO_P3, &GPIO_InitStructure);//初始化
  14   1      }
  15          
  16          void UART_config(void) {
  17   1              // >>> 记得添加 NVIC.c, UART.c, UART_Isr.c <<<
  18   1          COMx_InitDefine             COMx_InitStructure;                                     //结构定义
  19   1          COMx_InitStructure.UART_Mode      = UART_8bit_BRTx; //模式, UART_ShiftRight,UART_8bit_BRTx,UART_9bit,U
             -ART_9bit_BRTx
  20   1          COMx_InitStructure.UART_BRT_Use   = BRT_Timer1;                     //选择波特率发生器, BRT_Timer1, BRT_Timer2 (注意: 串
             -口2固定使用BRT_Timer2)
  21   1          COMx_InitStructure.UART_BaudRate  = 115200ul;                       //波特率, 一般 110 ~ 115200
  22   1          COMx_InitStructure.UART_RxEnable  = ENABLE;                         //接收允许,   ENABLE或DISABLE
  23   1          COMx_InitStructure.BaudRateDouble = DISABLE;                        //波特率加倍, ENABLE或DISABLE
  24   1          UART_Configuration(UART1, &COMx_InitStructure);             //初始化串口1 UART1,UART2,UART3,UART4
  25   1      
  26   1              NVIC_UART1_Init(ENABLE,Priority_1);             //中断使能, ENABLE/DISABLE; 优先级(低到高) Priority_0,Priority_1,P
             -riority_2,Priority_3
  27   1          UART1_SW(UART1_SW_P30_P31);         // 引脚选择, UART1_SW_P30_P31,UART1_SW_P36_P37,UART1_SW_P16_P17,UART1_SW_
             -P43_P44
  28   1      }
  29          
  30          void sys_init(void) {
  31   1          EAXSFR();
  32   1      
  33   1          GPIO_config();
  34   1          UART_config();
  35   1      
  36   1          EA = 1;
  37   1      }
  38          
  39          // 这里函数名可随意, 建议不要使用start, 会和I2C.h里的Start冲突
  40          void main_start() _task_ 0 {
  41   1              sys_init();
  42   1              // 创建任务 1
  43   1              os_create_task(1);
  44   1              // 结束任务 0
  45   1          os_create_task(2);
  46   1              os_delete_task(0);
  47   1      }
  48          
C51 COMPILER V9.60.7.0   MAIN                                                              09/14/2026 21:08:46 PAGE 2   

  49          void task01() _task_ 1 {
  50   1          SPI_OLED_Init();
  51   1          SPI_OLED_ColorTurn(0);
  52   1          SPI_OLED_DisplayTurn(0);
  53   1          SPI_OLED_Clear();
  54   1          while(1) {
  55   2              SPI_OLED_Display_GB2312_string(0, 0, "lei");
  56   2              os_wait2(K_TMO, 10);
  57   2          }
  58   1      }
  59          
  60          void task02() _task_ 2 {
  61   1          I2C_OLED_Init();
  62   1          I2C_OLED_ColorTurn(0);
  63   1          I2C_OLED_DisplayTurn(0);
  64   1          while(1) {
  65   2              I2C_OLED_ShowNum(0, 0, 100, 16, 16);
  66   2              os_wait2(K_TMO, 10);
  67   2          }
  68   1      }


MODULE INFORMATION:   STATIC OVERLAYABLE
   CODE SIZE        =    178    ----
   CONSTANT SIZE    =      4    ----
   XDATA SIZE       =   ----      11
   PDATA SIZE       =   ----    ----
   DATA SIZE        =   ----    ----
   IDATA SIZE       =   ----    ----
   BIT SIZE         =   ----    ----
END OF MODULE INFORMATION.


C51 COMPILATION COMPLETE.  0 WARNING(S),  0 ERROR(S)
