BL51 BANKED LINKER/LOCATER V6.22.4.0                                                    09/14/2026  21:08:48  PAGE 1


BL51 BANKED LINKER/LOCATER V6.22.4.0, INVOKED BY:
D:\DEVELOP\KEIL_V5\C51\BIN\BL51.EXE .\Objects\main.obj, .\Objects\I2C_OLED.obj, .\Objects\SPI_OLED.obj, .\Objects\ADC.ob
>> j, .\Objects\ADC_Isr.obj, .\Objects\Delay.obj, .\Objects\GPIO.obj, .\Objects\GPIO_Isr.obj, .\Objects\I2C.obj, .\Objec
>> ts\I2C_Isr.obj, .\Objects\NVIC.obj, .\Objects\SPI.obj, .\Objects\SPI_Isr.obj, .\Objects\STC8H_PWM.obj, .\Objects\STC8
>> H_PWM_Isr.obj, .\Objects\Timer.obj, .\Objects\Timer_Isr.obj, .\Objects\UART.obj, .\Objects\UART_Isr.obj TO .\Objects\
>> project RTX51TINY PRINT (.\Listings\project.m51) RAMSIZE (256) DISABLEWARNING (15, 16)


MEMORY MODEL: LARGE WITH FLOATING POINT ARITHMETIC


INPUT MODULES INCLUDED:
  .\Objects\main.obj (MAIN)
  .\Objects\I2C_OLED.obj (I2C_OLED)
  .\Objects\SPI_OLED.obj (SPI_OLED)
  .\Objects\ADC.obj (ADC)
  .\Objects\ADC_Isr.obj (ADC_ISR)
  .\Objects\Delay.obj (DELAY)
  .\Objects\GPIO.obj (GPIO)
  .\Objects\GPIO_Isr.obj (GPIO_ISR)
  .\Objects\I2C.obj (I2C)
  .\Objects\I2C_Isr.obj (I2C_ISR)
  .\Objects\NVIC.obj (NVIC)
  .\Objects\SPI.obj (SPI)
  .\Objects\SPI_Isr.obj (SPI_ISR)
  .\Objects\STC8H_PWM.obj (STC8H_PWM)
  .\Objects\STC8H_PWM_Isr.obj (STC8H_PWM_ISR)
  .\Objects\Timer.obj (TIMER)
  .\Objects\Timer_Isr.obj (TIMER_ISR)
  .\Objects\UART.obj (UART)
  .\Objects\UART_Isr.obj (UART_ISR)
  D:\DEVELOP\KEIL_V5\C51\LIB\RTX51TNY.LIB (?RTX51_TINY_OS_CREATE)
  D:\DEVELOP\KEIL_V5\C51\LIB\RTX51TNY.LIB (?RTX51_TINY_OS_DELETE)
  D:\DEVELOP\KEIL_V5\C51\LIB\RTX51TNY.LIB (?RTX51_TINY_OS_WAIT)
  D:\DEVELOP\KEIL_V5\C51\LIB\RTX51TNY.LIB (?RTX51_TINY_KERNAL)
  D:\DEVELOP\KEIL_V5\C51\LIB\C51FPL.LIB (?C?FPMUL)
  D:\DEVELOP\KEIL_V5\C51\LIB\C51FPL.LIB (?C?CASTF)
  D:\DEVELOP\KEIL_V5\C51\LIB\C51FPL.LIB (?C?FPGETOPN)
  D:\DEVELOP\KEIL_V5\C51\LIB\C51L.LIB (?C_STARTUP)
  D:\DEVELOP\KEIL_V5\C51\LIB\C51L.LIB (?C?CLDPTR)
  D:\DEVELOP\KEIL_V5\C51\LIB\C51L.LIB (?C?CLDOPTR)
  D:\DEVELOP\KEIL_V5\C51\LIB\C51L.LIB (?C?CSTPTR)
  D:\DEVELOP\KEIL_V5\C51\LIB\C51L.LIB (?C?CSTOPTR)
  D:\DEVELOP\KEIL_V5\C51\LIB\C51L.LIB (?C?IMUL)
  D:\DEVELOP\KEIL_V5\C51\LIB\C51L.LIB (?C?UIDIV)
  D:\DEVELOP\KEIL_V5\C51\LIB\C51L.LIB (?C?ILDIX)
  D:\DEVELOP\KEIL_V5\C51\LIB\C51L.LIB (?C?ILDPTR)
  D:\DEVELOP\KEIL_V5\C51\LIB\C51L.LIB (?C?ILDOPTR)
  D:\DEVELOP\KEIL_V5\C51\LIB\C51L.LIB (?C?LMUL)
  D:\DEVELOP\KEIL_V5\C51\LIB\C51L.LIB (?C?ULDIV)
  D:\DEVELOP\KEIL_V5\C51\LIB\C51L.LIB (?C?LNEG)
  D:\DEVELOP\KEIL_V5\C51\LIB\C51L.LIB (?C?ULCMP)
  D:\DEVELOP\KEIL_V5\C51\LIB\C51L.LIB (?C?ULSHR)
  D:\DEVELOP\KEIL_V5\C51\LIB\C51L.LIB (?C?LLDOPTR0)
  D:\DEVELOP\KEIL_V5\C51\LIB\C51L.LIB (?C?LSTXDATA)
  D:\DEVELOP\KEIL_V5\C51\LIB\C51L.LIB (?C?LSTKXDATA)
  D:\DEVELOP\KEIL_V5\C51\LIB\C51L.LIB (?C?LCASE)
  D:\DEVELOP\KEIL_V5\C51\LIB\C51L.LIB (?C_INIT)
BL51 BANKED LINKER/LOCATER V6.22.4.0                                                  09/14/2026  21:08:48  PAGE 2


  D:\DEVELOP\KEIL_V5\C51\LIB\C51L.LIB (?C?LLDIDATA0)
  D:\DEVELOP\KEIL_V5\C51\LIB\C51L.LIB (?C?LLDXDATA0)
  D:\DEVELOP\KEIL_V5\C51\LIB\C51L.LIB (?C?LLDPDATA0)
  D:\DEVELOP\KEIL_V5\C51\LIB\C51L.LIB (?C?LLDCODE0)


TASK TABLE OF MODULE:  .\Objects\project (MAIN)

TASKID   PRIORITY   REG-BANK   SEGMENT NAME
-------------------------------------------
0        0          0          ?PR?MAIN_START?MAIN
1        0          0          ?PR?TASK01?MAIN
2        0          0          ?PR?TASK02?MAIN



LINK MAP OF MODULE:  .\Objects\project (MAIN)


            TYPE    BASE      LENGTH    RELOCATION   SEGMENT NAME
            -----------------------------------------------------

            * * * * * * *   D A T A   M E M O R Y   * * * * * * *
            REG     0000H     0008H     ABSOLUTE     "REG BANK 0"
            DATA    0008H     0006H     ABSOLUTE     
            IDATA   000EH     0006H     UNIT         ?RTX?TASKSTATE?S
            IDATA   0014H     0003H     UNIT         ?RTX?TASKSP?S
                    0017H     0009H                  *** GAP ***
            BIT     0020H.0   0000H.1   UNIT         ?BI?I2C_ISR
            BIT     0020H.1   0000H.1   UNIT         ?BI?SPI
            BIT     0020H.2   0000H.1   UNIT         ?RTX?BITS
                    0020H.3   0000H.5                *** GAP ***
            IDATA   0021H     0001H     UNIT         ?STACK

            * * * * * * *  X D A T A   M E M O R Y  * * * * * * *
            XDATA   0000H     02D4H     UNIT         ?XD?UART
            XDATA   02D4H     0081H     UNIT         ?XD?SPI
            XDATA   0355H     006FH     UNIT         _XDATA_GROUP_
            XDATA   03C4H     0011H     UNIT         ?XD?_SPI_OLED_DISPLAY_STRING_5X7?SPI_OLED
            XDATA   03D5H     0010H     UNIT         ?XD?_SPI_OLED_SHOWNUM?SPI_OLED
            XDATA   03E5H     000BH     UNIT         ?XD?_I2C_OLED_DRAWBMP?I2C_OLED
            XDATA   03F0H     0008H     UNIT         ?XD?_I2C_OLED_SHOWCHINESE?I2C_OLED
            XDATA   03F8H     0008H     UNIT         ?XD?I2C
            XDATA   0400H     0007H     UNIT         ?XD?_I2C_OLED_SHOWSTRING?I2C_OLED
            XDATA   0407H     0006H     UNIT         ?XD?_I2C_READNBYTE?I2C
            XDATA   040DH     0004H     UNIT         ?XD?SPI_OLED
            XDATA   0411H     0003H     UNIT         ?XD?I2C_ISR
            XDATA   0414H     0002H     UNIT         ?XD?_GET_ADCRESULT?ADC
            XDATA   0416H     0001H     UNIT         ?XD?_SPI_OLED_DISPLAY_128X64?SPI_OLED
            XDATA   0417H     0001H     UNIT         ?XD?SPI_ISR

            * * * * * * *   C O D E   M E M O R Y   * * * * * * *
            CODE    0000H     0003H     ABSOLUTE     
            CODE    0003H     0008H     UNIT         ?C_INITSEG
            CODE    000BH     0003H     ABSOLUTE     
            CODE    000EH     000DH     UNIT         ?PR?_SENDCMDDATA?I2C
            CODE    001BH     0003H     ABSOLUTE     
BL51 BANKED LINKER/LOCATER V6.22.4.0                                                  09/14/2026  21:08:48  PAGE 3


            CODE    001EH     0005H     UNIT         ?PR?_PUTCHAR?UART
            CODE    0023H     0003H     ABSOLUTE     
            CODE    0026H     0004H     UNIT         ?CO?MAIN
                    002AH     0001H                  *** GAP ***
            CODE    002BH     0003H     ABSOLUTE     
            CODE    002EH     0015H     UNIT         ?PR?I2C_OLED_DISPLAY_ON?I2C_OLED
            CODE    0043H     0003H     ABSOLUTE     
            CODE    0046H     0004H     UNIT         ?PR?ADC_ISR_HANDLER?ADC_ISR
                    004AH     0001H                  *** GAP ***
            CODE    004BH     0003H     ABSOLUTE     
            CODE    004EH     0015H     UNIT         ?PR?I2C_OLED_DISPLAY_OFF?I2C_OLED
            CODE    0063H     0003H     ABSOLUTE     
            CODE    0066H     0025H     UNIT         ?PR?TASK01?MAIN
            CODE    008BH     0003H     ABSOLUTE     
            CODE    008EH     0003H     UNIT         ?PR?TIMER1_ISR_HANDLER?TIMER_ISR
                    0091H     0002H                  *** GAP ***
            CODE    0093H     0003H     ABSOLUTE     
            CODE    0096H     0003H     UNIT         ?PR?TIMER2_ISR_HANDLER?TIMER_ISR
                    0099H     0002H                  *** GAP ***
            CODE    009BH     0003H     ABSOLUTE     
            CODE    009EH     0003H     UNIT         ?PR?TIMER3_ISR_HANDLER?TIMER_ISR
                    00A1H     0002H                  *** GAP ***
            CODE    00A3H     0003H     ABSOLUTE     
            CODE    00A6H     001CH     UNIT         ?PR?_I2C_OLED_COLORTURN?I2C_OLED
                    00C2H     0001H                  *** GAP ***
            CODE    00C3H     0003H     ABSOLUTE     
            CODE    00C6H     08F8H     UNIT         ?CO?I2C_OLED
            CODE    09BEH     0653H     UNIT         ?PR?_UART_CONFIGURATION?UART
            CODE    1011H     050DH     UNIT         ?C?LIB_CODE
            CODE    151EH     0412H     UNIT         ?PR?_PWM_CONFIGURATION?STC8H_PWM
            CODE    1930H     033DH     UNIT         ?PR?_SPI_OLED_DISPLAY_GB2312_STRING?SPI_OLED
            CODE    1C6DH     02E3H     UNIT         ?RTX?CODE
            CODE    1F50H     0267H     UNIT         ?PR?_TIMER_INILIZE?TIMER
            CODE    21B7H     0254H     UNIT         ?PR?_GPIO_INILIZE?GPIO
            CODE    240BH     01B4H     UNIT         ?PR?_SPI_OLED_SHOWNUM?SPI_OLED
            CODE    25BFH     014DH     UNIT         ?PR?_UPDATEPWM?STC8H_PWM
            CODE    270CH     0121H     UNIT         ?PR?_SPI_OLED_DISPLAY_STRING_5X7?SPI_OLED
            CODE    282DH     00FCH     UNIT         ?PR?_I2C_OLED_SHOWCHAR?I2C_OLED
            CODE    2929H     00DBH     UNIT         ?PR?_I2C_OLED_SHOWNUM?I2C_OLED
            CODE    2A04H     00CEH     UNIT         ?PR?I2C_OLED_INIT?I2C_OLED
            CODE    2AD2H     00B0H     UNIT         ?PR?I2C_ISR_HANDLER?I2C_ISR
            CODE    2B82H     00AEH     UNIT         ?PR?SPI_OLED_INIT?SPI_OLED
            CODE    2C30H     009CH     UNIT         ?PR?_I2C_OLED_SHOWCHINESE?I2C_OLED
            CODE    2CCCH     0093H     UNIT         ?PR?_I2C_OLED_DRAWBMP?I2C_OLED
            CODE    2D5FH     008CH     UNIT         ?C_C51STARTUP
            CODE    2DEBH     007FH     UNIT         ?PR?_NVIC_PWM_INIT?NVIC
            CODE    2E6AH     007FH     UNIT         ?PR?_SPI_INIT?SPI
            CODE    2EE9H     007CH     UNIT         ?PR?_I2C_INIT?I2C
            CODE    2F65H     0078H     UNIT         ?PR?_GET_ADCRESULT?ADC
            CODE    2FDDH     0070H     UNIT         ?PR?_I2C_OLED_SHOWSTRING?I2C_OLED
            CODE    304DH     005DH     UNIT         ?PR?_NVIC_I2C_INIT?NVIC
            CODE    30AAH     0055H     UNIT         ?PR?_ADC_INILIZE?ADC
            CODE    30FFH     0052H     UNIT         ?PR?UART2_ISR_HANDLER?UART_ISR
            CODE    3151H     0052H     UNIT         ?PR?UART3_ISR_HANDLER?UART_ISR
            CODE    31A3H     0052H     UNIT         ?PR?UART4_ISR_HANDLER?UART_ISR
            CODE    31F5H     004CH     UNIT         ?PR?UART1_ISR_HANDLER?UART_ISR
            CODE    3241H     004BH     UNIT         ?PR?_NVIC_CMP_INIT?NVIC
BL51 BANKED LINKER/LOCATER V6.22.4.0                                                  09/14/2026  21:08:48  PAGE 4


            CODE    328CH     004AH     UNIT         ?PR?_NVIC_UART3_INIT?NVIC
            CODE    32D6H     0049H     UNIT         ?PR?SPI_ISR_HANDLER?SPI_ISR
            CODE    331FH     0048H     UNIT         ?PR?_NVIC_UART4_INIT?NVIC
            CODE    3367H     0047H     UNIT         ?PR?_NVIC_SPI_INIT?NVIC
            CODE    33AEH     0046H     UNIT         ?PR?I2C_OLED_CLEAR?I2C_OLED
            CODE    33F4H     0043H     UNIT         ?PR?_NVIC_UART2_INIT?NVIC
            CODE    3437H     0041H     UNIT         ?PR?_SPI_OLED_GET_DATA_FROM_ROM?SPI_OLED
            CODE    3478H     0041H     UNIT         ?PR?_NVIC_TIMER0_INIT?NVIC
            CODE    34B9H     0041H     UNIT         ?PR?_NVIC_TIMER1_INIT?NVIC
            CODE    34FAH     0041H     UNIT         ?PR?_NVIC_INT0_INIT?NVIC
            CODE    353BH     0041H     UNIT         ?PR?_NVIC_INT1_INIT?NVIC
            CODE    357CH     0041H     UNIT         ?PR?_NVIC_ADC_INIT?NVIC
            CODE    35BDH     0041H     UNIT         ?PR?_NVIC_UART1_INIT?NVIC
            CODE    35FEH     003AH     UNIT         ?PR?_NVIC_RTC_INIT?NVIC
            CODE    3638H     0039H     UNIT         ?PR?_I2C_READNBYTE?I2C
            CODE    3671H     0038H     UNIT         ?PR?_SPI_OLED_DISPLAY_16X16?SPI_OLED
            CODE    36A9H     0038H     UNIT         ?PR?_SPI_OLED_DISPLAY_8X16?SPI_OLED
            CODE    36E1H     0038H     UNIT         ?PR?_NVIC_DMA_ADC_INIT?NVIC
            CODE    3719H     0038H     UNIT         ?PR?_NVIC_DMA_M2M_INIT?NVIC
            CODE    3751H     0038H     UNIT         ?PR?_NVIC_DMA_SPI_INIT?NVIC
            CODE    3789H     0038H     UNIT         ?PR?_NVIC_DMA_UART1_TX_INIT?NVIC
            CODE    37C1H     0038H     UNIT         ?PR?_NVIC_DMA_UART1_RX_INIT?NVIC
            CODE    37F9H     0038H     UNIT         ?PR?_NVIC_DMA_UART2_TX_INIT?NVIC
            CODE    3831H     0038H     UNIT         ?PR?_NVIC_DMA_UART2_RX_INIT?NVIC
            CODE    3869H     0038H     UNIT         ?PR?_NVIC_DMA_UART3_TX_INIT?NVIC
            CODE    38A1H     0038H     UNIT         ?PR?_NVIC_DMA_UART3_RX_INIT?NVIC
            CODE    38D9H     0038H     UNIT         ?PR?_NVIC_DMA_UART4_TX_INIT?NVIC
            CODE    3911H     0038H     UNIT         ?PR?_NVIC_DMA_UART4_RX_INIT?NVIC
            CODE    3949H     0038H     UNIT         ?PR?_NVIC_DMA_LCM_INIT?NVIC
            CODE    3981H     0034H     UNIT         ?PR?_I2C_OLED_WR_BYTE?I2C_OLED
            CODE    39B5H     0033H     UNIT         ?PR?_I2C_WRITENBYTE?I2C
            CODE    39E8H     0032H     UNIT         ?PR?_I2C_OLED_SET_POS?I2C_OLED
            CODE    3A1AH     0031H     UNIT         ?PR?UART_CONFIG?MAIN
            CODE    3A4BH     002FH     UNIT         ?PR?I2C_CONFIG?I2C_OLED
            CODE    3A7AH     002FH     UNIT         ?PR?_SPI_OLED_WR_BYTE?SPI_OLED
            CODE    3AA9H     002EH     UNIT         ?PR?_SPI_OLED_DISPLAY_128X64?SPI_OLED
            CODE    3AD7H     002BH     UNIT         ?PR?_NVIC_LCM_INIT?NVIC
            CODE    3B02H     002AH     UNIT         ?PR?_I2C_OLED_DISPLAYTURN?I2C_OLED
            CODE    3B2CH     002AH     UNIT         ?PR?_SPI_OLED_DISPLAYTURN?SPI_OLED
            CODE    3B56H     0029H     UNIT         ?PR?SPI_OLED_CLEAR?SPI_OLED
            CODE    3B7FH     0028H     UNIT         ?PR?TASK02?MAIN
            CODE    3BA7H     0024H     UNIT         ?PR?_SEND_BYTE?I2C_OLED
            CODE    3BCBH     0023H     UNIT         ?PR?_NVIC_TIMER4_INIT?NVIC
            CODE    3BEEH     0022H     UNIT         ?PR?_NVIC_TIMER2_INIT?NVIC
            CODE    3C10H     0022H     UNIT         ?PR?_NVIC_TIMER3_INIT?NVIC
            CODE    3C32H     001EH     UNIT         ?PR?_I2C_OLED_POW?I2C_OLED
            CODE    3C50H     001EH     UNIT         ?PR?_SPI_OLED_ADDRESS?SPI_OLED
            CODE    3C6EH     001CH     UNIT         ?PR?_SPI_OLED_COLORTURN?SPI_OLED
            CODE    3C8AH     001AH     UNIT         ?PR?_SEND_COMMAND_TO_ROM?SPI_OLED
            CODE    3CA4H     001AH     UNIT         ?PR?_NVIC_INT4_INIT?NVIC
            CODE    3CBEH     0019H     UNIT         ?PR?_NVIC_INT3_INIT?NVIC
            CODE    3CD7H     0018H     UNIT         ?PR?_NVIC_INT2_INIT?NVIC
            CODE    3CEFH     0017H     UNIT         ?PR?RECVACK?I2C
            CODE    3D06H     0016H     UNIT         ?PR?GPIO_CONFIG?MAIN
            CODE    3D1CH     0016H     UNIT         ?CO?SPI_OLED
            CODE    3D32H     0015H     UNIT         ?PR?SPI_OLED_DISPLAY_ON?SPI_OLED
            CODE    3D47H     0015H     UNIT         ?PR?SPI_OLED_DISPLAY_OFF?SPI_OLED
BL51 BANKED LINKER/LOCATER V6.22.4.0                                                  09/14/2026  21:08:48  PAGE 5


            CODE    3D5CH     0015H     UNIT         ?PR?_SPI_OLED_DISPLAY_5X7?SPI_OLED
            CODE    3D71H     0015H     UNIT         ?PR?GET_DATA_FROM_ROM?SPI_OLED
            CODE    3D86H     0013H     UNIT         ?PR?_PRINTSTRING1?UART
            CODE    3D99H     0013H     UNIT         ?PR?_PRINTSTRING2?UART
            CODE    3DACH     0013H     UNIT         ?PR?_PRINTSTRING3?UART
            CODE    3DBFH     0013H     UNIT         ?PR?_PRINTSTRING4?UART
            CODE    3DD2H     0012H     UNIT         ?PR?MAIN_START?MAIN
            CODE    3DE4H     0011H     UNIT         ?PR?_SPI_SETMODE?SPI
            CODE    3DF5H     0010H     UNIT         ?PR?_DELAY_MS?DELAY
            CODE    3E05H     000FH     UNIT         ?PR?I2C_START?I2C_OLED
            CODE    3E14H     000FH     UNIT         ?PR?I2C_WAITACK?I2C_OLED
            CODE    3E23H     000FH     UNIT         ?PR?RECVDATA?I2C
            CODE    3E32H     000FH     UNIT         ?PR?SENDNAK?I2C
            CODE    3E41H     000FH     UNIT         ?PR?_TX1_WRITE2BUFF?UART
            CODE    3E50H     000FH     UNIT         ?PR?_TX2_WRITE2BUFF?UART
            CODE    3E5FH     000FH     UNIT         ?PR?_TX3_WRITE2BUFF?UART
            CODE    3E6EH     000FH     UNIT         ?PR?_TX4_WRITE2BUFF?UART
            CODE    3E7DH     000EH     UNIT         ?PR?_SENDDATA?I2C
            CODE    3E8BH     000EH     UNIT         ?PR?SENDACK?I2C
            CODE    3E99H     000CH     UNIT         ?PR?SYS_INIT?MAIN
            CODE    3EA5H     000CH     UNIT         ?PR?_ADC_POWERCONTROL?ADC
            CODE    3EB1H     000CH     UNIT         ?PR?WAIT?I2C
            CODE    3EBDH     000BH     UNIT         ?PR?SPI_READBYTE?SPI
            CODE    3EC8H     000AH     UNIT         ?PR?I2C_STOP?I2C_OLED
            CODE    3ED2H     0009H     UNIT         ?PR?IIC_DELAY?I2C_OLED
            CODE    3EDBH     0009H     UNIT         ?PR?START?I2C
            CODE    3EE4H     0009H     UNIT         ?PR?STOP?I2C
            CODE    3EEDH     0008H     UNIT         ?PR?GET_MSBUSY_STATUS?I2C
            CODE    3EF5H     0008H     UNIT         ?PR?_SPI_WRITEBYTE?SPI
            CODE    3EFDH     0006H     UNIT         ?RTX?TASKENT?S
            CODE    3F03H     0003H     UNIT         ?PR?TIMER4_ISR_HANDLER?TIMER_ISR



OVERLAY MAP OF MODULE:   .\Objects\project (MAIN)


SEGMENT                                            XDATA_GROUP
  +--> CALLED SEGMENT                            START    LENGTH
----------------------------------------------------------------
?PR?MAIN_START?MAIN                              -----    -----
  +--> ?PR?SYS_INIT?MAIN

?PR?SYS_INIT?MAIN                                -----    -----
  +--> ?PR?GPIO_CONFIG?MAIN
  +--> ?PR?UART_CONFIG?MAIN

?PR?GPIO_CONFIG?MAIN                             0355H    0002H
  +--> ?PR?_GPIO_INILIZE?GPIO

?PR?UART_CONFIG?MAIN                             0355H    0009H
  +--> ?PR?_UART_CONFIGURATION?UART
  +--> ?PR?_NVIC_UART1_INIT?NVIC

?PR?_UART_CONFIGURATION?UART                     035EH    000AH

*** NEW ROOT ***************************************************
BL51 BANKED LINKER/LOCATER V6.22.4.0                                                  09/14/2026  21:08:48  PAGE 6



?PR?TASK01?MAIN                                  -----    -----
  +--> ?PR?SPI_OLED_INIT?SPI_OLED
  +--> ?PR?_SPI_OLED_COLORTURN?SPI_OLED
  +--> ?PR?_SPI_OLED_DISPLAYTURN?SPI_OLED
  +--> ?PR?SPI_OLED_CLEAR?SPI_OLED
  +--> ?CO?MAIN
  +--> ?PR?_SPI_OLED_DISPLAY_GB2312_STRING?S...

?PR?SPI_OLED_INIT?SPI_OLED                       -----    -----
  +--> ?PR?_DELAY_MS?DELAY
  +--> ?PR?_SPI_OLED_WR_BYTE?SPI_OLED
  +--> ?PR?SPI_OLED_CLEAR?SPI_OLED

?PR?SPI_OLED_CLEAR?SPI_OLED                      -----    -----
  +--> ?PR?_SPI_OLED_WR_BYTE?SPI_OLED

?PR?_SPI_OLED_COLORTURN?SPI_OLED                 0368H    0001H
  +--> ?PR?_SPI_OLED_WR_BYTE?SPI_OLED

?PR?_SPI_OLED_DISPLAYTURN?SPI_OLED               0368H    0001H
  +--> ?PR?_SPI_OLED_WR_BYTE?SPI_OLED

?PR?_SPI_OLED_DISPLAY_GB2312_STRING?S...         0368H    0039H
  +--> ?PR?_SPI_OLED_GET_DATA_FROM_ROM?SPI_OLED
  +--> ?PR?_SPI_OLED_DISPLAY_16X16?SPI_OLED
  +--> ?PR?_SPI_OLED_DISPLAY_8X16?SPI_OLED

?PR?_SPI_OLED_GET_DATA_FROM_ROM?SPI_OLED         03A1H    0007H
  +--> ?PR?_SEND_COMMAND_TO_ROM?SPI_OLED
  +--> ?PR?GET_DATA_FROM_ROM?SPI_OLED

?PR?_SPI_OLED_DISPLAY_16X16?SPI_OLED             03A1H    0003H
  +--> ?PR?_SPI_OLED_ADDRESS?SPI_OLED
  +--> ?PR?_SPI_OLED_WR_BYTE?SPI_OLED

?PR?_SPI_OLED_ADDRESS?SPI_OLED                   -----    -----
  +--> ?PR?_SPI_OLED_WR_BYTE?SPI_OLED

?PR?_SPI_OLED_DISPLAY_8X16?SPI_OLED              03A1H    0003H
  +--> ?PR?_SPI_OLED_ADDRESS?SPI_OLED
  +--> ?PR?_SPI_OLED_WR_BYTE?SPI_OLED

*** NEW ROOT ***************************************************

?PR?TASK02?MAIN                                  -----    -----
  +--> ?PR?I2C_OLED_INIT?I2C_OLED
  +--> ?PR?_I2C_OLED_COLORTURN?I2C_OLED
  +--> ?PR?_I2C_OLED_DISPLAYTURN?I2C_OLED
  +--> ?PR?_I2C_OLED_SHOWNUM?I2C_OLED

?PR?I2C_OLED_INIT?I2C_OLED                       -----    -----
  +--> ?PR?I2C_CONFIG?I2C_OLED
  +--> ?PR?_I2C_OLED_WR_BYTE?I2C_OLED
  +--> ?PR?I2C_OLED_CLEAR?I2C_OLED

?PR?I2C_CONFIG?I2C_OLED                          03A8H    0006H
BL51 BANKED LINKER/LOCATER V6.22.4.0                                                  09/14/2026  21:08:48  PAGE 7


  +--> ?PR?_I2C_INIT?I2C
  +--> ?PR?_NVIC_I2C_INIT?NVIC

?PR?_I2C_OLED_WR_BYTE?I2C_OLED                   03BDH    0001H
  +--> ?PR?_I2C_WRITENBYTE?I2C

?PR?_I2C_WRITENBYTE?I2C                          03BEH    0006H
  +--> ?PR?RECVACK?I2C
  +--> ?PR?_SENDDATA?I2C
  +--> ?PR?STOP?I2C

?PR?RECVACK?I2C                                  -----    -----
  +--> ?PR?START?I2C
  +--> ?PR?_SENDDATA?I2C
  +--> ?PR?WAIT?I2C

?PR?START?I2C                                    -----    -----
  +--> ?PR?WAIT?I2C

?PR?_SENDDATA?I2C                                -----    -----
  +--> ?PR?WAIT?I2C

?PR?STOP?I2C                                     -----    -----
  +--> ?PR?WAIT?I2C

?PR?I2C_OLED_CLEAR?I2C_OLED                      03A8H    0002H
  +--> ?PR?_I2C_OLED_WR_BYTE?I2C_OLED

?PR?_I2C_OLED_COLORTURN?I2C_OLED                 03A8H    0001H
  +--> ?PR?_I2C_OLED_WR_BYTE?I2C_OLED

?PR?_I2C_OLED_DISPLAYTURN?I2C_OLED               03A8H    0001H
  +--> ?PR?_I2C_OLED_WR_BYTE?I2C_OLED

?PR?_I2C_OLED_SHOWNUM?I2C_OLED                   03A8H    000AH
  +--> ?PR?_I2C_OLED_POW?I2C_OLED
  +--> ?PR?_I2C_OLED_SHOWCHAR?I2C_OLED

?PR?_I2C_OLED_POW?I2C_OLED                       03B2H    0001H

?PR?_I2C_OLED_SHOWCHAR?I2C_OLED                  03B2H    000AH
  +--> ?PR?_I2C_OLED_SET_POS?I2C_OLED
  +--> ?CO?I2C_OLED
  +--> ?PR?_I2C_OLED_WR_BYTE?I2C_OLED

?PR?_I2C_OLED_SET_POS?I2C_OLED                   03BCH    0001H
  +--> ?PR?_I2C_OLED_WR_BYTE?I2C_OLED

*** NEW ROOT ***************************************************

?C_C51STARTUP                                    -----    -----
  +--> ?C_INITSEG



SYMBOL TABLE OF MODULE:  .\Objects\project (MAIN)

BL51 BANKED LINKER/LOCATER V6.22.4.0                                                  09/14/2026  21:08:48  PAGE 8


  VALUE           TYPE          NAME
  ----------------------------------

  -------         MODULE        MAIN
  C:0000H         SYMBOL        _ICE_DUMMY_
  D:0080H         PUBLIC        P0
  D:0090H         PUBLIC        P1
  D:00A0H         PUBLIC        P2
  D:00B0H         PUBLIC        P3
  D:00C0H         PUBLIC        P4
  D:00C8H         PUBLIC        P5
  D:00E8H         PUBLIC        P6
  B:00A8H.7       PUBLIC        EA
  D:00F8H         PUBLIC        P7
  C:3D06H         PUBLIC        GPIO_config
  D:00A2H         PUBLIC        P_SW1
  D:00BAH         PUBLIC        P_SW2
  D:00A8H         PUBLIC        IE
  C:0066H         PUBLIC        task01
  C:3B7FH         PUBLIC        task02
  C:3A1AH         PUBLIC        UART_config
  D:00B8H         PUBLIC        IP
  D:0098H         PUBLIC        SCON
  D:0088H         PUBLIC        TCON
  C:3DD2H         PUBLIC        main_start
  D:00F0H         PUBLIC        B
  D:00E0H         PUBLIC        ACC
  C:3E99H         PUBLIC        sys_init
  D:00D0H         PUBLIC        PSW
  -------         PROC          GPIO_CONFIG
  -------         DO            
  X:0355H         SYMBOL        GPIO_InitStructure
  -------         ENDDO         
  C:3D06H         LINE#         9
  C:3D06H         LINE#         11
  C:3D0CH         LINE#         12
  C:3D11H         LINE#         13
  -------         ENDPROC       GPIO_CONFIG
  -------         PROC          UART_CONFIG
  -------         DO            
  X:0355H         SYMBOL        COMx_InitStructure
  -------         ENDDO         
  C:3A1AH         LINE#         16
  C:3A1AH         LINE#         19
  C:3A20H         LINE#         20
  C:3A24H         LINE#         21
  C:3A2CH         LINE#         22
  C:3A32H         LINE#         23
  C:3A35H         LINE#         24
  C:3A40H         LINE#         26
  C:3A47H         LINE#         27
  C:3A4AH         LINE#         28
  -------         ENDPROC       UART_CONFIG
  -------         PROC          SYS_INIT
  C:3E99H         LINE#         30
  C:3E99H         LINE#         31
  C:3E9CH         LINE#         33
BL51 BANKED LINKER/LOCATER V6.22.4.0                                                  09/14/2026  21:08:48  PAGE 9


  C:3E9FH         LINE#         34
  C:3EA2H         LINE#         36
  C:3EA4H         LINE#         37
  -------         ENDPROC       SYS_INIT
  -------         PROC          MAIN_START
  C:3DD2H         LINE#         40
  C:3DD2H         LINE#         41
  C:3DD5H         LINE#         43
  C:3DDAH         LINE#         45
  C:3DDFH         LINE#         46
  -------         ENDPROC       MAIN_START
  -------         PROC          TASK01
  C:0066H         LINE#         49
  C:0066H         LINE#         50
  C:0069H         LINE#         51
  C:006EH         LINE#         52
  C:0073H         LINE#         53
  C:0076H         LINE#         54
  C:0076H         LINE#         55
  C:0082H         LINE#         56
  C:0089H         LINE#         57
  -------         ENDPROC       TASK01
  -------         PROC          TASK02
  C:3B7FH         LINE#         60
  C:3B7FH         LINE#         61
  C:3B82H         LINE#         62
  C:3B87H         LINE#         63
  C:3B8CH         LINE#         64
  C:3B8CH         LINE#         65
  C:3B9EH         LINE#         66
  C:3BA5H         LINE#         67
  -------         ENDPROC       TASK02
  -------         ENDMOD        MAIN

  -------         MODULE        I2C_OLED
  C:0000H         SYMBOL        _ICE_DUMMY_
  D:0080H         PUBLIC        P0
  D:00B2H         PUBLIC        P3M0
  D:0090H         PUBLIC        P1
  D:00B1H         PUBLIC        P3M1
  D:00A0H         PUBLIC        P2
  C:3BA7H         PUBLIC        _Send_Byte
  D:00B0H         PUBLIC        P3
  D:00C0H         PUBLIC        P4
  D:00C8H         PUBLIC        P5
  D:00E8H         PUBLIC        P6
  D:00F8H         PUBLIC        P7
  B:00B0H.2       PUBLIC        I2C_OLED_SCL
  C:2C30H         PUBLIC        _I2C_OLED_ShowChinese
  D:00BAH         PUBLIC        P_SW2
  D:00A8H         PUBLIC        IE
  C:33AEH         PUBLIC        I2C_OLED_Clear
  C:2CCCH         PUBLIC        _I2C_OLED_DrawBMP
  C:3A4BH         SYMBOL        I2C_config
  D:00B8H         PUBLIC        IP
  C:00C6H         PUBLIC        asc2_0806
  C:02EEH         PUBLIC        asc2_1608
BL51 BANKED LINKER/LOCATER V6.22.4.0                                                  09/14/2026  21:08:48  PAGE 10


  C:002EH         PUBLIC        I2C_OLED_Display_On
  C:3B02H         PUBLIC        _I2C_OLED_DisplayTurn
  C:08DEH         PUBLIC        Hzk
  C:3E05H         PUBLIC        I2C_Start
  D:0098H         PUBLIC        SCON
  D:0088H         PUBLIC        TCON
  C:2A04H         PUBLIC        I2C_OLED_Init
  D:00F0H         PUBLIC        B
  C:2FDDH         PUBLIC        _I2C_OLED_ShowString
  C:3992H         PUBLIC        _I2C_OLED_WR_Byte
  C:3E14H         PUBLIC        I2C_WaitAck
  C:3EC8H         PUBLIC        I2C_Stop
  D:00E0H         PUBLIC        ACC
  C:3ED2H         PUBLIC        IIC_delay
  C:282DH         PUBLIC        _I2C_OLED_ShowChar
  C:00A6H         PUBLIC        _I2C_OLED_ColorTurn
  C:39EFH         PUBLIC        _I2C_OLED_Set_Pos
  C:2929H         PUBLIC        _I2C_OLED_ShowNum
  D:00D0H         PUBLIC        PSW
  C:3C32H         PUBLIC        _I2C_OLED_pow
  C:004EH         PUBLIC        I2C_OLED_Display_Off
  B:00B0H.3       PUBLIC        I2C_OLED_SDA
  -------         PROC          _I2C_OLED_COLORTURN
  X:03A8H         SYMBOL        i
  C:00A6H         LINE#         32
  C:00ABH         LINE#         33
  C:00ABH         LINE#         34
  C:00ADH         LINE#         35
  C:00ADH         LINE#         36
  C:00B3H         LINE#         37
  C:00B3H         LINE#         38
  C:00BAH         LINE#         39
  C:00BAH         LINE#         40
  C:00C1H         LINE#         41
  C:00C1H         LINE#         42
  -------         ENDPROC       _I2C_OLED_COLORTURN
  -------         PROC          _I2C_OLED_DISPLAYTURN
  X:03A8H         SYMBOL        i
  C:3B02H         LINE#         45
  C:3B07H         LINE#         46
  C:3B07H         LINE#         47
  C:3B09H         LINE#         48
  C:3B09H         LINE#         49
  C:3B0FH         LINE#         50
  C:3B16H         LINE#         51
  C:3B16H         LINE#         52
  C:3B1DH         LINE#         53
  C:3B1DH         LINE#         54
  C:3B24H         LINE#         55
  C:3B2BH         LINE#         56
  C:3B2BH         LINE#         57
  -------         ENDPROC       _I2C_OLED_DISPLAYTURN
  -------         PROC          IIC_DELAY
  -------         DO            
  D:0007H         SYMBOL        t
  -------         ENDDO         
  C:3ED2H         LINE#         61
BL51 BANKED LINKER/LOCATER V6.22.4.0                                                  09/14/2026  21:08:48  PAGE 11


  C:3ED2H         LINE#         62
  C:3ED2H         LINE#         63
  C:3ED4H         LINE#         64
  C:3EDAH         LINE#         65
  -------         ENDPROC       IIC_DELAY
  -------         PROC          I2C_START
  C:3E05H         LINE#         68
  C:3E05H         LINE#         69
  C:3E05H         LINE#         70
  C:3E07H         LINE#         71
  C:3E09H         LINE#         72
  C:3E0CH         LINE#         73
  C:3E0EH         LINE#         74
  C:3E11H         LINE#         75
  C:3E13H         LINE#         77
  -------         ENDPROC       I2C_START
  -------         PROC          I2C_STOP
  C:3EC8H         LINE#         80
  C:3EC8H         LINE#         81
  C:3EC8H         LINE#         82
  C:3ECAH         LINE#         83
  C:3ECCH         LINE#         84
  C:3ECFH         LINE#         85
  C:3ED1H         LINE#         86
  -------         ENDPROC       I2C_STOP
  -------         PROC          I2C_WAITACK
  C:3E14H         LINE#         89
  C:3E14H         LINE#         90
  C:3E14H         LINE#         91
  C:3E16H         LINE#         92
  C:3E19H         LINE#         93
  C:3E1BH         LINE#         94
  C:3E1EH         LINE#         95
  C:3E20H         LINE#         96
  -------         ENDPROC       I2C_WAITACK
  -------         PROC          _SEND_BYTE
  D:0005H         SYMBOL        dat
  -------         DO            
  D:0004H         SYMBOL        i
  -------         ENDDO         
  C:3BA7H         LINE#         100
  C:3BA9H         LINE#         101
  C:3BA9H         LINE#         103
  C:3BABH         LINE#         104
  C:3BABH         LINE#         105
  C:3BADH         LINE#         106
  C:3BB1H         LINE#         107
  C:3BB1H         LINE#         108
  C:3BB3H         LINE#         109
  C:3BB5H         LINE#         111
  C:3BB5H         LINE#         112
  C:3BB7H         LINE#         113
  C:3BB7H         LINE#         114
  C:3BBAH         LINE#         115
  C:3BBCH         LINE#         116
  C:3BBFH         LINE#         117
  C:3BC1H         LINE#         118
BL51 BANKED LINKER/LOCATER V6.22.4.0                                                  09/14/2026  21:08:48  PAGE 12


  C:3BC5H         LINE#         119
  C:3BCAH         LINE#         120
  -------         ENDPROC       _SEND_BYTE
  -------         PROC          L?0086
  -------         ENDPROC       L?0086
  -------         PROC          _I2C_OLED_WR_BYTE
  X:03BDH         SYMBOL        dat
  D:0005H         SYMBOL        mode
  C:3992H         LINE#         140
  C:3997H         LINE#         141
  C:39A3H         LINE#         142
  C:39A8H         LINE#         143
  C:39AAH         LINE#         144
  C:39B4H         LINE#         145
  C:39B4H         LINE#         146
  -------         ENDPROC       _I2C_OLED_WR_BYTE
  -------         PROC          L?0087
  -------         ENDPROC       L?0087
  -------         PROC          _I2C_OLED_SET_POS
  X:03BCH         SYMBOL        x
  D:0005H         SYMBOL        y
  C:39EFH         LINE#         152
  C:39F4H         LINE#         153
  C:39F4H         LINE#         154
  C:39FDH         LINE#         155
  C:3A0EH         LINE#         156
  -------         ENDPROC       _I2C_OLED_SET_POS
  -------         PROC          I2C_OLED_DISPLAY_ON
  C:002EH         LINE#         159
  C:002EH         LINE#         160
  C:002EH         LINE#         161
  C:0035H         LINE#         162
  C:003CH         LINE#         163
  -------         ENDPROC       I2C_OLED_DISPLAY_ON
  -------         PROC          I2C_OLED_DISPLAY_OFF
  C:004EH         LINE#         166
  C:004EH         LINE#         167
  C:004EH         LINE#         168
  C:0055H         LINE#         169
  C:005CH         LINE#         170
  -------         ENDPROC       I2C_OLED_DISPLAY_OFF
  -------         PROC          I2C_OLED_CLEAR
  -------         DO            
  X:03A8H         SYMBOL        i
  X:03A9H         SYMBOL        n
  -------         ENDDO         
  C:33AEH         LINE#         173
  C:33AEH         LINE#         174
  C:33AEH         LINE#         176
  C:33BDH         LINE#         177
  C:33BDH         LINE#         178
  C:33C6H         LINE#         179
  C:33CCH         LINE#         180
  C:33D3H         LINE#         181
  C:33EBH         LINE#         182
  C:33F3H         LINE#         183
  -------         ENDPROC       I2C_OLED_CLEAR
BL51 BANKED LINKER/LOCATER V6.22.4.0                                                  09/14/2026  21:08:48  PAGE 13


  -------         PROC          _I2C_OLED_SHOWCHAR
  X:03B2H         SYMBOL        x
  X:03B3H         SYMBOL        y
  D:0003H         SYMBOL        chr
  X:03B5H         SYMBOL        sizey
  -------         DO            
  X:03B6H         SYMBOL        c
  X:03B7H         SYMBOL        sizex
  X:03B8H         SYMBOL        i
  X:03BAH         SYMBOL        size1
  -------         ENDDO         
  C:282DH         LINE#         189
  C:2835H         LINE#         190
  C:2835H         LINE#         191
  C:2846H         LINE#         192
  C:284BH         LINE#         193
  C:2858H         LINE#         194
  C:2889H         LINE#         195
  C:2890H         LINE#         196
  C:289BH         LINE#         197
  C:28B8H         LINE#         198
  C:28B8H         LINE#         199
  C:28D4H         LINE#         200
  C:28F5H         LINE#         201
  C:2917H         LINE#         204
  C:2928H         LINE#         205
  -------         ENDPROC       _I2C_OLED_SHOWCHAR
  -------         PROC          _I2C_OLED_POW
  X:03B2H         SYMBOL        m
  D:0001H         SYMBOL        n
  -------         DO            
  D:0006H         SYMBOL        result
  -------         ENDDO         
  C:3C32H         LINE#         207
  C:3C39H         LINE#         208
  C:3C39H         LINE#         209
  C:3C3DH         LINE#         210
  C:3C4FH         LINE#         211
  C:3C4FH         LINE#         212
  -------         ENDPROC       _I2C_OLED_POW
  -------         PROC          _I2C_OLED_SHOWNUM
  X:03A8H         SYMBOL        x
  X:03A9H         SYMBOL        y
  X:03AAH         SYMBOL        num
  X:03ACH         SYMBOL        len
  X:03ADH         SYMBOL        sizey
  -------         DO            
  X:03AEH         SYMBOL        t
  X:03AFH         SYMBOL        temp
  X:03B0H         SYMBOL        m
  X:03B1H         SYMBOL        enshow
  -------         ENDDO         
  C:2929H         LINE#         218
  C:2937H         LINE#         219
  C:2937H         LINE#         220
  C:293CH         LINE#         221
  C:293EH         LINE#         222
BL51 BANKED LINKER/LOCATER V6.22.4.0                                                  09/14/2026  21:08:48  PAGE 14


  C:294BH         LINE#         223
  C:2961H         LINE#         224
  C:2961H         LINE#         225
  C:2988H         LINE#         226
  C:299DH         LINE#         227
  C:299DH         LINE#         228
  C:29A1H         LINE#         229
  C:29A1H         LINE#         230
  C:29C2H         LINE#         231
  C:29C4H         LINE#         232
  C:29CAH         LINE#         233
  C:29CAH         LINE#         234
  C:29FAH         LINE#         235
  C:2A03H         LINE#         236
  -------         ENDPROC       _I2C_OLED_SHOWNUM
  -------         PROC          _I2C_OLED_SHOWSTRING
  X:0400H         SYMBOL        x
  X:0401H         SYMBOL        y
  X:0402H         SYMBOL        chr
  X:0405H         SYMBOL        sizey
  -------         DO            
  X:0406H         SYMBOL        j
  -------         ENDDO         
  C:2FDDH         LINE#         238
  C:2FEEH         LINE#         239
  C:2FEEH         LINE#         240
  C:2FF3H         LINE#         241
  C:300CH         LINE#         242
  C:300CH         LINE#         243
  C:302FH         LINE#         244
  C:3040H         LINE#         245
  C:304AH         LINE#         246
  C:304CH         LINE#         247
  -------         ENDPROC       _I2C_OLED_SHOWSTRING
  -------         PROC          _I2C_OLED_SHOWCHINESE
  X:03F0H         SYMBOL        x
  X:03F1H         SYMBOL        y
  X:03F2H         SYMBOL        no
  X:03F3H         SYMBOL        sizey
  -------         DO            
  X:03F4H         SYMBOL        i
  X:03F6H         SYMBOL        size1
  -------         ENDDO         
  C:2C30H         LINE#         249
  C:2C3BH         LINE#         250
  C:2C3BH         LINE#         251
  C:2C6BH         LINE#         252
  C:2C88H         LINE#         253
  C:2C88H         LINE#         254
  C:2C9CH         LINE#         255
  C:2CBBH         LINE#         258
  C:2CCBH         LINE#         259
  -------         ENDPROC       _I2C_OLED_SHOWCHINESE
  -------         PROC          _I2C_OLED_DRAWBMP
  X:03E5H         SYMBOL        x
  X:03E6H         SYMBOL        y
  X:03E7H         SYMBOL        sizex
BL51 BANKED LINKER/LOCATER V6.22.4.0                                                  09/14/2026  21:08:48  PAGE 15


  X:03E8H         SYMBOL        sizey
  X:03E9H         SYMBOL        BMP
  -------         DO            
  X:03ECH         SYMBOL        j
  X:03EEH         SYMBOL        i
  X:03EFH         SYMBOL        m
  -------         ENDDO         
  C:2CCCH         LINE#         266
  C:2CD7H         LINE#         267
  C:2CD7H         LINE#         268
  C:2CDEH         LINE#         270
  C:2CFAH         LINE#         271
  C:2D0DH         LINE#         272
  C:2D0DH         LINE#         273
  C:2D1BH         LINE#         274
  C:2D2DH         LINE#         275
  C:2D2DH         LINE#         276
  C:2D4EH         LINE#         277
  C:2D56H         LINE#         278
  C:2D5EH         LINE#         279
  -------         ENDPROC       _I2C_OLED_DRAWBMP
  -------         PROC          I2C_CONFIG
  -------         DO            
  X:03A8H         SYMBOL        I2C_InitStructure
  -------         ENDDO         
  C:3A4BH         LINE#         281
  C:3A4BH         LINE#         282
  C:3A4BH         LINE#         285
  C:3A51H         LINE#         286
  C:3A55H         LINE#         287
  C:3A5AH         LINE#         288
  C:3A60H         LINE#         290
  C:3A69H         LINE#         291
  C:3A71H         LINE#         293
  C:3A79H         LINE#         294
  -------         ENDPROC       I2C_CONFIG
  -------         PROC          I2C_OLED_INIT
  C:2A04H         LINE#         297
  C:2A04H         LINE#         298
  C:2A04H         LINE#         299
  C:2A0AH         LINE#         300
  C:2A0DH         LINE#         306
  C:2A14H         LINE#         307
  C:2A1AH         LINE#         308
  C:2A21H         LINE#         309
  C:2A28H         LINE#         310
  C:2A2FH         LINE#         311
  C:2A36H         LINE#         312
  C:2A3DH         LINE#         313
  C:2A44H         LINE#         314
  C:2A4BH         LINE#         315
  C:2A52H         LINE#         316
  C:2A59H         LINE#         317
  C:2A60H         LINE#         318
  C:2A66H         LINE#         319
  C:2A6DH         LINE#         320
  C:2A74H         LINE#         321
BL51 BANKED LINKER/LOCATER V6.22.4.0                                                  09/14/2026  21:08:48  PAGE 16


  C:2A7BH         LINE#         322
  C:2A82H         LINE#         323
  C:2A89H         LINE#         324
  C:2A90H         LINE#         325
  C:2A97H         LINE#         326
  C:2A9EH         LINE#         327
  C:2AA5H         LINE#         328
  C:2AACH         LINE#         329
  C:2AB3H         LINE#         330
  C:2ABAH         LINE#         331
  C:2AC1H         LINE#         332
  C:2AC8H         LINE#         333
  C:2ACBH         LINE#         334
  -------         ENDPROC       I2C_OLED_INIT
  -------         ENDMOD        I2C_OLED

  -------         MODULE        SPI_OLED
  C:0000H         SYMBOL        _ICE_DUMMY_
  D:0092H         PUBLIC        P1M0
  D:0091H         PUBLIC        P1M1
  D:0080H         PUBLIC        P0
  D:0090H         PUBLIC        P1
  C:3C6EH         PUBLIC        _SPI_OLED_ColorTurn
  D:00B4H         PUBLIC        P4M0
  D:00A0H         PUBLIC        P2
  D:00CAH         PUBLIC        P5M0
  D:00B3H         PUBLIC        P4M1
  D:00B0H         PUBLIC        P3
  D:00C9H         PUBLIC        P5M1
  D:00C0H         PUBLIC        P4
  C:3D71H         PUBLIC        Get_data_from_ROM
  D:00C8H         PUBLIC        P5
  D:00E8H         PUBLIC        P6
  D:00F8H         PUBLIC        P7
  C:3D47H         PUBLIC        SPI_OLED_DisPlay_Off
  C:3AA9H         PUBLIC        _SPI_OLED_Display_128x64
  D:00A8H         PUBLIC        IE
  D:00B8H         PUBLIC        IP
  B:0090H.1       PUBLIC        SPI_OLED_READ_FS0
  C:36A9H         PUBLIC        _SPI_OLED_Display_8x16
  C:240BH         PUBLIC        _SPI_OLED_ShowNum
  C:3D32H         PUBLIC        SPI_OLED_DisPlay_On
  B:0090H.3       PUBLIC        SPI_OLED_SDA
  D:0098H         PUBLIC        SCON
  D:0088H         PUBLIC        TCON
  B:00C8H.0       PUBLIC        SPI_OLED_SCL
  B:0090H.0       PUBLIC        SPI_OLED_ROM_CS
  C:3B56H         PUBLIC        SPI_OLED_Clear
  C:3C50H         PUBLIC        _SPI_OLED_address
  D:00F0H         PUBLIC        B
  C:3C8AH         PUBLIC        _Send_Command_to_ROM
  D:00E0H         PUBLIC        ACC
  C:3671H         PUBLIC        _SPI_OLED_Display_16x16
  X:040DH         PUBLIC        fontaddr
  C:3B2CH         PUBLIC        _SPI_OLED_DisplayTurn
  B:0090H.6       PUBLIC        SPI_OLED_DC
  C:1930H         PUBLIC        _SPI_OLED_Display_GB2312_string
BL51 BANKED LINKER/LOCATER V6.22.4.0                                                  09/14/2026  21:08:48  PAGE 17


  C:2B82H         PUBLIC        SPI_OLED_Init
  B:00C0H.7       PUBLIC        SPI_OLED_CS
  C:270CH         PUBLIC        _SPI_OLED_Display_string_5x7
  C:3D5CH         PUBLIC        _SPI_OLED_Display_5x7
  C:3A80H         PUBLIC        _SPI_OLED_WR_Byte
  C:3437H         PUBLIC        _SPI_OLED_get_data_from_ROM
  D:00D0H         PUBLIC        PSW
  -------         PROC          _SPI_OLED_COLORTURN
  X:0368H         SYMBOL        i
  C:3C6EH         LINE#         17
  C:3C73H         LINE#         18
  C:3C73H         LINE#         19
  C:3C75H         LINE#         20
  C:3C75H         LINE#         21
  C:3C7BH         LINE#         22
  C:3C7BH         LINE#         23
  C:3C82H         LINE#         24
  C:3C82H         LINE#         25
  C:3C89H         LINE#         26
  C:3C89H         LINE#         27
  -------         ENDPROC       _SPI_OLED_COLORTURN
  -------         PROC          _SPI_OLED_DISPLAYTURN
  X:0368H         SYMBOL        i
  C:3B2CH         LINE#         30
  C:3B31H         LINE#         31
  C:3B31H         LINE#         32
  C:3B33H         LINE#         33
  C:3B33H         LINE#         34
  C:3B39H         LINE#         35
  C:3B40H         LINE#         36
  C:3B40H         LINE#         37
  C:3B47H         LINE#         38
  C:3B47H         LINE#         39
  C:3B4EH         LINE#         40
  C:3B55H         LINE#         41
  C:3B55H         LINE#         42
  -------         ENDPROC       _SPI_OLED_DISPLAYTURN
  -------         PROC          SPI_OLED_DISPLAY_ON
  C:3D32H         LINE#         45
  C:3D32H         LINE#         46
  C:3D32H         LINE#         47
  C:3D39H         LINE#         48
  C:3D40H         LINE#         49
  -------         ENDPROC       SPI_OLED_DISPLAY_ON
  -------         PROC          SPI_OLED_DISPLAY_OFF
  C:3D47H         LINE#         53
  C:3D47H         LINE#         54
  C:3D47H         LINE#         55
  C:3D4EH         LINE#         56
  C:3D55H         LINE#         57
  -------         ENDPROC       SPI_OLED_DISPLAY_OFF
  C:3A7AH         SYMBOL        L?0109
  -------         PROC          L?0108
  -------         ENDPROC       L?0108
  C:3A7AH         SYMBOL        L?0109
  -------         PROC          _SPI_OLED_WR_BYTE
  D:0007H         SYMBOL        dat
BL51 BANKED LINKER/LOCATER V6.22.4.0                                                  09/14/2026  21:08:48  PAGE 18


  D:0005H         SYMBOL        cmd
  -------         DO            
  D:0006H         SYMBOL        i
  -------         ENDDO         
  C:3A80H         LINE#         63
  C:3A80H         LINE#         64
  C:3A80H         LINE#         66
  C:3A83H         LINE#         67
  C:3A83H         LINE#         68
  C:3A85H         LINE#         69
  C:3A87H         LINE#         71
  C:3A87H         LINE#         72
  C:3A89H         LINE#         73
  C:3A89H         LINE#         74
  C:3A8BH         LINE#         75
  C:3A8DH         LINE#         76
  C:3A8DH         LINE#         77
  C:3A8FH         LINE#         78
  C:3A93H         LINE#         79
  C:3A93H         LINE#         80
  C:3A95H         LINE#         81
  C:3A97H         LINE#         83
  C:3A97H         LINE#         84
  C:3A99H         LINE#         85
  C:3A99H         LINE#         86
  C:3A9BH         LINE#         87
  C:3A9FH         LINE#         88
  C:3AA4H         LINE#         89
  C:3AA6H         LINE#         90
  C:3AA8H         LINE#         91
  -------         ENDPROC       _SPI_OLED_WR_BYTE
  -------         PROC          SPI_OLED_CLEAR
  -------         DO            
  D:0004H         SYMBOL        i
  D:0003H         SYMBOL        n
  -------         ENDDO         
  C:3B56H         LINE#         94
  C:3B56H         LINE#         95
  C:3B56H         LINE#         97
  C:3B58H         LINE#         98
  C:3B58H         LINE#         99
  C:3B61H         LINE#         100
  C:3B66H         LINE#         101
  C:3B6BH         LINE#         102
  C:3B6DH         LINE#         103
  C:3B6DH         LINE#         104
  C:3B74H         LINE#         105
  C:3B79H         LINE#         106
  C:3B7EH         LINE#         107
  -------         ENDPROC       SPI_OLED_CLEAR
  -------         PROC          _SPI_OLED_ADDRESS
  D:0004H         SYMBOL        x
  D:0005H         SYMBOL        y
  C:3C50H         LINE#         110
  C:3C52H         LINE#         111
  C:3C52H         LINE#         112
  C:3C5BH         LINE#         113
BL51 BANKED LINKER/LOCATER V6.22.4.0                                                  09/14/2026  21:08:48  PAGE 19


  C:3C67H         LINE#         114
  -------         ENDPROC       _SPI_OLED_ADDRESS
  -------         PROC          _SPI_OLED_DISPLAY_128X64
  D:0001H         SYMBOL        dp
  -------         DO            
  X:0416H         SYMBOL        i
  D:0004H         SYMBOL        j
  -------         ENDDO         
  C:3AA9H         LINE#         118
  C:3AA9H         LINE#         119
  C:3AA9H         LINE#         121
  C:3AB8H         LINE#         122
  C:3AB8H         LINE#         123
  C:3ABDH         LINE#         124
  C:3ABFH         LINE#         125
  C:3ABFH         LINE#         126
  C:3AC2H         LINE#         127
  C:3AC9H         LINE#         128
  C:3ACEH         LINE#         129
  C:3AD6H         LINE#         130
  -------         ENDPROC       _SPI_OLED_DISPLAY_128X64
  -------         PROC          _SPI_OLED_DISPLAY_16X16
  X:03A1H         SYMBOL        x
  X:03A2H         SYMBOL        y
  D:0001H         SYMBOL        dp
  -------         DO            
  D:0004H         SYMBOL        i
  X:03A3H         SYMBOL        j
  -------         ENDDO         
  C:3671H         LINE#         133
  C:3679H         LINE#         134
  C:3679H         LINE#         136
  C:367CH         LINE#         137
  C:367CH         LINE#         138
  C:3687H         LINE#         139
  C:3689H         LINE#         140
  C:3689H         LINE#         141
  C:368CH         LINE#         142
  C:3693H         LINE#         143
  C:3698H         LINE#         144
  C:369EH         LINE#         145
  C:36A8H         LINE#         146
  -------         ENDPROC       _SPI_OLED_DISPLAY_16X16
  -------         PROC          _SPI_OLED_DISPLAY_8X16
  X:03A1H         SYMBOL        x
  X:03A2H         SYMBOL        y
  D:0001H         SYMBOL        dp
  -------         DO            
  D:0004H         SYMBOL        i
  X:03A3H         SYMBOL        j
  -------         ENDDO         
  C:36A9H         LINE#         149
  C:36B1H         LINE#         150
  C:36B1H         LINE#         152
  C:36B4H         LINE#         153
  C:36B4H         LINE#         154
  C:36BFH         LINE#         155
BL51 BANKED LINKER/LOCATER V6.22.4.0                                                  09/14/2026  21:08:48  PAGE 20


  C:36C1H         LINE#         156
  C:36C1H         LINE#         157
  C:36C4H         LINE#         158
  C:36CBH         LINE#         159
  C:36D0H         LINE#         160
  C:36D6H         LINE#         161
  C:36E0H         LINE#         162
  -------         ENDPROC       _SPI_OLED_DISPLAY_8X16
  -------         PROC          _SPI_OLED_DISPLAY_5X7
  D:0007H         SYMBOL        x
  D:0005H         SYMBOL        y
  D:0001H         SYMBOL        dp
  -------         DO            
  D:0004H         SYMBOL        i
  -------         ENDDO         
  C:3D5CH         LINE#         165
  C:3D5CH         LINE#         166
  C:3D5CH         LINE#         168
  C:3D5FH         LINE#         169
  C:3D61H         LINE#         170
  C:3D61H         LINE#         171
  C:3D64H         LINE#         172
  C:3D6BH         LINE#         173
  C:3D70H         LINE#         174
  -------         ENDPROC       _SPI_OLED_DISPLAY_5X7
  -------         PROC          _SEND_COMMAND_TO_ROM
  D:0007H         SYMBOL        dat
  -------         DO            
  D:0006H         SYMBOL        i
  -------         ENDDO         
  C:3C8AH         LINE#         177
  C:3C8AH         LINE#         178
  C:3C8AH         LINE#         180
  C:3C8CH         LINE#         181
  C:3C8CH         LINE#         182
  C:3C8EH         LINE#         183
  C:3C92H         LINE#         184
  C:3C92H         LINE#         185
  C:3C94H         LINE#         186
  C:3C96H         LINE#         188
  C:3C96H         LINE#         189
  C:3C98H         LINE#         190
  C:3C98H         LINE#         191
  C:3C9CH         LINE#         192
  C:3C9EH         LINE#         193
  C:3CA3H         LINE#         194
  -------         ENDPROC       _SEND_COMMAND_TO_ROM
  -------         PROC          GET_DATA_FROM_ROM
  -------         DO            
  D:0006H         SYMBOL        i
  D:0007H         SYMBOL        read
  -------         ENDDO         
  C:3D71H         LINE#         197
  C:3D71H         LINE#         198
  C:3D71H         LINE#         199
  C:3D73H         LINE#         200
  C:3D74H         LINE#         201
BL51 BANKED LINKER/LOCATER V6.22.4.0                                                  09/14/2026  21:08:48  PAGE 21


  C:3D74H         LINE#         202
  C:3D76H         LINE#         203
  C:3D7AH         LINE#         204
  C:3D7DH         LINE#         205
  C:3D7DH         LINE#         206
  C:3D7EH         LINE#         207
  C:3D7EH         LINE#         208
  C:3D80H         LINE#         209
  C:3D85H         LINE#         210
  C:3D85H         LINE#         211
  -------         ENDPROC       GET_DATA_FROM_ROM
  -------         PROC          _SPI_OLED_GET_DATA_FROM_ROM
  D:0004H         SYMBOL        addrHigh
  D:0005H         SYMBOL        addrMid
  D:0003H         SYMBOL        addrLow
  X:03A4H         SYMBOL        pbuff
  X:03A7H         SYMBOL        DataLen
  -------         DO            
  D:0005H         SYMBOL        i
  -------         ENDDO         
  C:3437H         LINE#         216
  C:3439H         LINE#         217
  C:3439H         LINE#         219
  C:343BH         LINE#         220
  C:3440H         LINE#         221
  C:3445H         LINE#         222
  C:344AH         LINE#         223
  C:344FH         LINE#         224
  C:345BH         LINE#         225
  C:345BH         LINE#         226
  C:3472H         LINE#         227
  C:3475H         LINE#         228
  C:3477H         LINE#         229
  -------         ENDPROC       _SPI_OLED_GET_DATA_FROM_ROM
  -------         PROC          _SPI_OLED_DISPLAY_GB2312_STRING
  X:0368H         SYMBOL        x
  X:0369H         SYMBOL        y
  X:036AH         SYMBOL        text
  -------         DO            
  X:036DH         SYMBOL        i
  X:036EH         SYMBOL        addrHigh
  X:036FH         SYMBOL        addrMid
  X:0370H         SYMBOL        addrLow
  X:0371H         SYMBOL        fontbuf
  -------         DO            
  X:0391H         SYMBOL        fontbuf
  -------         ENDDO         
  -------         ENDDO         
  C:1930H         LINE#         233
  C:1941H         LINE#         234
  C:1941H         LINE#         235
  C:1944H         LINE#         238
  C:1962H         LINE#         239
  C:1962H         LINE#         240
  C:198CH         LINE#         241
  C:198CH         LINE#         245
  C:19B5H         LINE#         246
BL51 BANKED LINKER/LOCATER V6.22.4.0                                                  09/14/2026  21:08:48  PAGE 22


  C:1A0AH         LINE#         247
  C:1A0AH         LINE#         249
  C:1A0AH         LINE#         250
  C:1A0AH         LINE#         251
  C:1A0AH         LINE#         253
  C:1A0AH         LINE#         255
  C:1A0AH         LINE#         257
  C:1A0AH         LINE#         258
  C:1A0AH         LINE#         259
  C:1A0DH         LINE#         260
  C:1A4DH         LINE#         261
  C:1A4DH         LINE#         263
  C:1A76H         LINE#         264
  C:1ACEH         LINE#         265
  C:1AEBH         LINE#         267
  C:1B03H         LINE#         268
  C:1B1BH         LINE#         269
  C:1B2DH         LINE#         271
  C:1B46H         LINE#         272
  C:1B57H         LINE#         273
  C:1B5EH         LINE#         274
  C:1B65H         LINE#         275
  C:1B68H         LINE#         276
  C:1B8FH         LINE#         277
  C:1B8FH         LINE#         279
  C:1BB0H         LINE#         280
  C:1BCDH         LINE#         281
  C:1BEEH         LINE#         283
  C:1C06H         LINE#         284
  C:1C1EH         LINE#         285
  C:1C30H         LINE#         287
  C:1C49H         LINE#         288
  C:1C5AH         LINE#         289
  C:1C61H         LINE#         290
  C:1C61H         LINE#         291
  C:1C63H         LINE#         293
  C:1C69H         LINE#         294
  C:1C6CH         LINE#         295
  -------         ENDPROC       _SPI_OLED_DISPLAY_GB2312_STRING
  -------         PROC          _SPI_OLED_DISPLAY_STRING_5X7
  X:03C4H         SYMBOL        x
  X:03C5H         SYMBOL        y
  X:03C6H         SYMBOL        text
  -------         DO            
  X:03C9H         SYMBOL        i
  X:03CAH         SYMBOL        addrHigh
  X:03CBH         SYMBOL        addrMid
  X:03CCH         SYMBOL        addrLow
  -------         DO            
  X:03CDH         SYMBOL        fontbuf
  -------         ENDDO         
  -------         ENDDO         
  C:270CH         LINE#         297
  C:271DH         LINE#         298
  C:271DH         LINE#         299
  C:2720H         LINE#         301
  C:273EH         LINE#         302
BL51 BANKED LINKER/LOCATER V6.22.4.0                                                  09/14/2026  21:08:48  PAGE 23


  C:273EH         LINE#         303
  C:274FH         LINE#         304
  C:274FH         LINE#         306
  C:2770H         LINE#         307
  C:278DH         LINE#         308
  C:27AEH         LINE#         310
  C:27C6H         LINE#         311
  C:27DEH         LINE#         312
  C:27F0H         LINE#         314
  C:2809H         LINE#         315
  C:281AH         LINE#         316
  C:2821H         LINE#         317
  C:2821H         LINE#         318
  C:2823H         LINE#         320
  C:2829H         LINE#         321
  C:282CH         LINE#         322
  -------         ENDPROC       _SPI_OLED_DISPLAY_STRING_5X7
  -------         PROC          _SPI_OLED_SHOWNUM
  X:03D5H         SYMBOL        x
  X:03D6H         SYMBOL        y
  X:03D7H         SYMBOL        num1
  X:03DBH         SYMBOL        len
  -------         DO            
  X:03DCH         SYMBOL        i
  X:03DDH         SYMBOL        t
  X:03E1H         SYMBOL        num
  -------         ENDDO         
  C:240BH         LINE#         328
  C:2415H         LINE#         329
  C:2415H         LINE#         332
  C:2424H         LINE#         333
  C:2445H         LINE#         334
  C:2458H         LINE#         335
  C:246BH         LINE#         336
  C:246BH         LINE#         337
  C:2490H         LINE#         338
  C:24ADH         LINE#         339
  C:24B4H         LINE#         340
  C:24C2H         LINE#         341
  C:2513H         LINE#         342
  C:2513H         LINE#         343
  C:2524H         LINE#         344
  C:2534H         LINE#         345
  C:2544H         LINE#         346
  C:2554H         LINE#         347
  C:2564H         LINE#         348
  C:2574H         LINE#         349
  C:2584H         LINE#         350
  C:2594H         LINE#         351
  C:25A4H         LINE#         352
  C:25B5H         LINE#         353
  C:25B5H         LINE#         354
  C:25BEH         LINE#         355
  -------         ENDPROC       _SPI_OLED_SHOWNUM
  -------         PROC          SPI_OLED_INIT
  C:2B82H         LINE#         358
  C:2B82H         LINE#         359
BL51 BANKED LINKER/LOCATER V6.22.4.0                                                  09/14/2026  21:08:48  PAGE 24


  C:2B82H         LINE#         360
  C:2B88H         LINE#         361
  C:2B8EH         LINE#         362
  C:2B94H         LINE#         364
  C:2B96H         LINE#         365
  C:2B98H         LINE#         366
  C:2B9DH         LINE#         368
  C:2BA4H         LINE#         369
  C:2BA9H         LINE#         370
  C:2BAEH         LINE#         371
  C:2BB3H         LINE#         372
  C:2BB8H         LINE#         373
  C:2BBDH         LINE#         374
  C:2BC2H         LINE#         375
  C:2BC7H         LINE#         376
  C:2BCCH         LINE#         377
  C:2BD1H         LINE#         378
  C:2BD6H         LINE#         379
  C:2BDBH         LINE#         380
  C:2BE0H         LINE#         381
  C:2BE5H         LINE#         382
  C:2BEAH         LINE#         383
  C:2BEFH         LINE#         384
  C:2BF4H         LINE#         385
  C:2BF9H         LINE#         386
  C:2BFEH         LINE#         387
  C:2C03H         LINE#         388
  C:2C08H         LINE#         389
  C:2C0DH         LINE#         390
  C:2C12H         LINE#         391
  C:2C17H         LINE#         392
  C:2C1CH         LINE#         393
  C:2C21H         LINE#         394
  C:2C26H         LINE#         395
  C:2C29H         LINE#         396
  -------         ENDPROC       SPI_OLED_INIT
  -------         ENDMOD        SPI_OLED

  -------         MODULE        ADC
  C:0000H         SYMBOL        _ICE_DUMMY_
  D:0080H         PUBLIC        P0
  D:0090H         PUBLIC        P1
  C:30AAH         PUBLIC        _ADC_Inilize
  D:00A0H         PUBLIC        P2
  D:00B0H         PUBLIC        P3
  D:00C0H         PUBLIC        P4
  D:00C8H         PUBLIC        P5
  D:00E8H         PUBLIC        P6
  D:00F8H         PUBLIC        P7
  D:00A8H         PUBLIC        IE
  D:00BDH         PUBLIC        ADC_RES
  D:00B8H         PUBLIC        IP
  D:00DEH         PUBLIC        ADCCFG
  C:3EA5H         PUBLIC        _ADC_PowerControl
  D:00BCH         PUBLIC        ADC_CONTR
  D:0098H         PUBLIC        SCON
  D:0088H         PUBLIC        TCON
BL51 BANKED LINKER/LOCATER V6.22.4.0                                                  09/14/2026  21:08:48  PAGE 25


  D:00F0H         PUBLIC        B
  D:00E0H         PUBLIC        ACC
  C:2F65H         PUBLIC        _Get_ADCResult
  D:00BEH         PUBLIC        ADC_RESL
  D:00D0H         PUBLIC        PSW
  -------         PROC          _ADC_INILIZE
  D:0001H         SYMBOL        ADCx
  C:30AAH         LINE#         22
  C:30AAH         LINE#         23
  C:30AAH         LINE#         24
  C:30B8H         LINE#         25
  C:30CAH         LINE#         27
  C:30D3H         LINE#         28
  C:30DFH         LINE#         29
  C:30EBH         LINE#         31
  C:30FEH         LINE#         32
  -------         ENDPROC       _ADC_INILIZE
  -------         PROC          _ADC_POWERCONTROL
  D:0007H         SYMBOL        pwr
  C:3EA5H         LINE#         42
  C:3EA5H         LINE#         43
  C:3EA5H         LINE#         44
  C:3EADH         LINE#         45
  C:3EB0H         LINE#         46
  -------         ENDPROC       _ADC_POWERCONTROL
  -------         PROC          _GET_ADCRESULT
  D:0007H         SYMBOL        channel
  -------         DO            
  X:0414H         SYMBOL        adc
  D:0005H         SYMBOL        i
  -------         ENDDO         
  C:2F65H         LINE#         55
  C:2F65H         LINE#         56
  C:2F65H         LINE#         60
  C:2F6DH         LINE#         61
  C:2F70H         LINE#         62
  C:2F72H         LINE#         64
  C:2F7BH         LINE#         65
  C:2F85H         LINE#         67
  C:2F87H         LINE#         68
  C:2F87H         LINE#         69
  C:2F8CH         LINE#         70
  C:2F8CH         LINE#         71
  C:2F8FH         LINE#         72
  C:2F96H         LINE#         73
  C:2F96H         LINE#         74
  C:2FA1H         LINE#         75
  C:2FA3H         LINE#         77
  C:2FA3H         LINE#         79
  C:2FABH         LINE#         80
  C:2FCAH         LINE#         85
  C:2FCAH         LINE#         86
  C:2FD3H         LINE#         87
  C:2FD3H         LINE#         88
  C:2FD8H         LINE#         89
  C:2FDCH         LINE#         90
  -------         ENDPROC       _GET_ADCRESULT
BL51 BANKED LINKER/LOCATER V6.22.4.0                                                  09/14/2026  21:08:48  PAGE 26


  -------         ENDMOD        ADC

  -------         MODULE        ADC_ISR
  C:0000H         SYMBOL        _ICE_DUMMY_
  D:0080H         PUBLIC        P0
  D:0090H         PUBLIC        P1
  D:00A0H         PUBLIC        P2
  D:00B0H         PUBLIC        P3
  D:00C0H         PUBLIC        P4
  D:00C8H         PUBLIC        P5
  D:00E8H         PUBLIC        P6
  D:00F8H         PUBLIC        P7
  D:00A8H         PUBLIC        IE
  D:00B8H         PUBLIC        IP
  D:00BCH         PUBLIC        ADC_CONTR
  D:0098H         PUBLIC        SCON
  D:0088H         PUBLIC        TCON
  C:0046H         PUBLIC        ADC_ISR_Handler
  D:00F0H         PUBLIC        B
  D:00E0H         PUBLIC        ACC
  D:00D0H         PUBLIC        PSW
  -------         PROC          ADC_ISR_HANDLER
  C:0046H         LINE#         22
  C:0046H         LINE#         24
  C:0049H         LINE#         28
  -------         ENDPROC       ADC_ISR_HANDLER
  -------         ENDMOD        ADC_ISR

  -------         MODULE        DELAY
  C:0000H         SYMBOL        _ICE_DUMMY_
  D:0080H         PUBLIC        P0
  D:0090H         PUBLIC        P1
  D:00A0H         PUBLIC        P2
  D:00B0H         PUBLIC        P3
  D:00C0H         PUBLIC        P4
  D:00C8H         PUBLIC        P5
  D:00E8H         PUBLIC        P6
  D:00F8H         PUBLIC        P7
  D:00A8H         PUBLIC        IE
  D:00B8H         PUBLIC        IP
  D:0098H         PUBLIC        SCON
  D:0088H         PUBLIC        TCON
  D:00F0H         PUBLIC        B
  D:00E0H         PUBLIC        ACC
  C:3DF5H         PUBLIC        _delay_ms
  D:00D0H         PUBLIC        PSW
  -------         PROC          _DELAY_MS
  D:0007H         SYMBOL        ms
  -------         DO            
  D:0004H         SYMBOL        i
  -------         ENDDO         
  C:3DF5H         LINE#         24
  C:3DF5H         LINE#         25
  C:3DF5H         LINE#         27
  C:3DF5H         LINE#         28
  C:3DF9H         LINE#         29
  C:3E02H         LINE#         30
BL51 BANKED LINKER/LOCATER V6.22.4.0                                                  09/14/2026  21:08:48  PAGE 27


  C:3E04H         LINE#         31
  -------         ENDPROC       _DELAY_MS
  -------         ENDMOD        DELAY

  -------         MODULE        GPIO
  C:0000H         SYMBOL        _ICE_DUMMY_
  D:0093H         PUBLIC        P0M1
  D:0092H         PUBLIC        P1M0
  D:0096H         PUBLIC        P2M0
  D:0091H         PUBLIC        P1M1
  D:0080H         PUBLIC        P0
  D:00B2H         PUBLIC        P3M0
  D:0095H         PUBLIC        P2M1
  D:0090H         PUBLIC        P1
  D:00B4H         PUBLIC        P4M0
  D:00B1H         PUBLIC        P3M1
  D:00A0H         PUBLIC        P2
  D:00CAH         PUBLIC        P5M0
  D:00B3H         PUBLIC        P4M1
  D:00B0H         PUBLIC        P3
  D:00CCH         PUBLIC        P6M0
  D:00C9H         PUBLIC        P5M1
  D:00C0H         PUBLIC        P4
  D:00E2H         PUBLIC        P7M0
  D:00CBH         PUBLIC        P6M1
  D:00C8H         PUBLIC        P5
  D:00E8H         PUBLIC        P6
  D:00E1H         PUBLIC        P7M1
  D:00F8H         PUBLIC        P7
  D:00A8H         PUBLIC        IE
  D:00B8H         PUBLIC        IP
  D:0098H         PUBLIC        SCON
  D:0088H         PUBLIC        TCON
  D:00F0H         PUBLIC        B
  D:00E0H         PUBLIC        ACC
  C:21B7H         PUBLIC        _GPIO_Inilize
  D:00D0H         PUBLIC        PSW
  D:0094H         PUBLIC        P0M0
  -------         PROC          _GPIO_INILIZE
  D:0007H         SYMBOL        GPIO
  D:0001H         SYMBOL        GPIOx
  C:21B7H         LINE#         22
  C:21B7H         LINE#         23
  C:21B7H         LINE#         24
  C:21C0H         LINE#         25
  C:21CCH         LINE#         26
  C:21CFH         LINE#         27
  C:21CFH         LINE#         28
  C:21DDH         LINE#         29
  C:21EEH         LINE#         30
  C:21FFH         LINE#         31
  C:2210H         LINE#         32
  C:2210H         LINE#         33
  C:2215H         LINE#         34
  C:2215H         LINE#         35
  C:2226H         LINE#         36
  C:2235H         LINE#         37
BL51 BANKED LINKER/LOCATER V6.22.4.0                                                  09/14/2026  21:08:48  PAGE 28


  C:2245H         LINE#         38
  C:2258H         LINE#         39
  C:2258H         LINE#         40
  C:225DH         LINE#         41
  C:225DH         LINE#         42
  C:226EH         LINE#         43
  C:227DH         LINE#         44
  C:228DH         LINE#         45
  C:22A0H         LINE#         46
  C:22A0H         LINE#         47
  C:22A5H         LINE#         48
  C:22A5H         LINE#         49
  C:22B6H         LINE#         50
  C:22C5H         LINE#         51
  C:22D5H         LINE#         52
  C:22E8H         LINE#         53
  C:22E8H         LINE#         54
  C:22EDH         LINE#         55
  C:22EDH         LINE#         56
  C:22FEH         LINE#         57
  C:230DH         LINE#         58
  C:231DH         LINE#         59
  C:2330H         LINE#         60
  C:2330H         LINE#         61
  C:2335H         LINE#         62
  C:2335H         LINE#         63
  C:2346H         LINE#         64
  C:2355H         LINE#         65
  C:2365H         LINE#         66
  C:2378H         LINE#         67
  C:2378H         LINE#         68
  C:237DH         LINE#         69
  C:237DH         LINE#         70
  C:238EH         LINE#         71
  C:239DH         LINE#         72
  C:23ADH         LINE#         73
  C:23C0H         LINE#         74
  C:23C0H         LINE#         75
  C:23C5H         LINE#         76
  C:23C5H         LINE#         77
  C:23D6H         LINE#         78
  C:23E5H         LINE#         79
  C:23F5H         LINE#         80
  C:2408H         LINE#         81
  C:2408H         LINE#         82
  C:240AH         LINE#         83
  -------         ENDPROC       _GPIO_INILIZE
  -------         ENDMOD        GPIO

  -------         MODULE        GPIO_ISR
  C:0000H         SYMBOL        _ICE_DUMMY_
  D:0080H         PUBLIC        P0
  D:0090H         PUBLIC        P1
  D:00A0H         PUBLIC        P2
  D:00B0H         PUBLIC        P3
  D:00C0H         PUBLIC        P4
  D:00C8H         PUBLIC        P5
BL51 BANKED LINKER/LOCATER V6.22.4.0                                                  09/14/2026  21:08:48  PAGE 29


  D:00E8H         PUBLIC        P6
  D:00F8H         PUBLIC        P7
  D:00A8H         PUBLIC        IE
  D:00B8H         PUBLIC        IP
  D:0098H         PUBLIC        SCON
  D:0088H         PUBLIC        TCON
  D:00F0H         PUBLIC        B
  D:00E0H         PUBLIC        ACC
  D:00D0H         PUBLIC        PSW
  -------         ENDMOD        GPIO_ISR

  -------         MODULE        I2C
  C:0000H         SYMBOL        _ICE_DUMMY_
  D:0080H         PUBLIC        P0
  D:0090H         PUBLIC        P1
  D:00A0H         PUBLIC        P2
  D:00B0H         PUBLIC        P3
  D:00C0H         PUBLIC        P4
  D:00C8H         PUBLIC        P5
  D:00E8H         PUBLIC        P6
  D:00F8H         PUBLIC        P7
  C:3E7DH         PUBLIC        _SendData
  D:00A8H         PUBLIC        IE
  C:3E23H         PUBLIC        RecvData
  C:3EDBH         PUBLIC        Start
  C:3EB1H         PUBLIC        Wait
  D:00B8H         PUBLIC        IP
  C:000EH         PUBLIC        _SendCmdData
  C:3638H         PUBLIC        _I2C_ReadNbyte
  C:3EE4H         PUBLIC        Stop
  C:3EEDH         PUBLIC        Get_MSBusy_Status
  C:39B5H         PUBLIC        _I2C_WriteNbyte
  D:0098H         PUBLIC        SCON
  C:2EE9H         PUBLIC        _I2C_Init
  D:0088H         PUBLIC        TCON
  D:00F0H         PUBLIC        B
  D:00E0H         PUBLIC        ACC
  C:3E8BH         PUBLIC        SendACK
  C:3CFDH         PUBLIC        RecvACK
  C:3E32H         PUBLIC        SendNAK
  D:00D0H         PUBLIC        PSW
  X:03F8H         PUBLIC        I2C_Buffer
  -------         PROC          _I2C_INIT
  D:0001H         SYMBOL        I2Cx
  C:2EE9H         LINE#         24
  C:2EE9H         LINE#         25
  C:2EE9H         LINE#         26
  C:2EF3H         LINE#         27
  C:2EF3H         LINE#         28
  C:2EFAH         LINE#         29
  C:2EFFH         LINE#         30
  C:2F0DH         LINE#         31
  C:2F1BH         LINE#         32
  C:2F1BH         LINE#         33
  C:2F1DH         LINE#         35
  C:2F1DH         LINE#         36
  C:2F24H         LINE#         37
BL51 BANKED LINKER/LOCATER V6.22.4.0                                                  09/14/2026  21:08:48  PAGE 30


  C:2F29H         LINE#         38
  C:2F3AH         LINE#         39
  C:2F4CH         LINE#         40
  C:2F50H         LINE#         41
  C:2F50H         LINE#         43
  C:2F64H         LINE#         44
  -------         ENDPROC       _I2C_INIT
  -------         PROC          GET_MSBUSY_STATUS
  C:3EEDH         LINE#         53
  C:3EEDH         LINE#         54
  C:3EEDH         LINE#         55
  C:3EF4H         LINE#         56
  -------         ENDPROC       GET_MSBUSY_STATUS
  -------         PROC          WAIT
  C:3EB1H         LINE#         65
  C:3EB1H         LINE#         66
  C:3EB1H         LINE#         67
  C:3EB8H         LINE#         68
  C:3EBCH         LINE#         69
  -------         ENDPROC       WAIT
  -------         PROC          START
  C:3EDBH         LINE#         78
  C:3EDBH         LINE#         79
  C:3EDBH         LINE#         80
  C:3EE1H         LINE#         81
  -------         ENDPROC       START
  -------         PROC          _SENDDATA
  D:0007H         SYMBOL        dat
  C:3E7DH         LINE#         91
  C:3E7DH         LINE#         92
  C:3E7DH         LINE#         93
  C:3E82H         LINE#         94
  C:3E88H         LINE#         95
  -------         ENDPROC       _SENDDATA
  -------         PROC          L?0033
  -------         ENDPROC       L?0033
  -------         PROC          RECVACK
  C:3CFDH         LINE#         105
  C:3CFDH         LINE#         106
  C:3CFDH         LINE#         107
  C:3D03H         LINE#         108
  -------         ENDPROC       RECVACK
  -------         PROC          RECVDATA
  C:3E23H         LINE#         118
  C:3E23H         LINE#         119
  C:3E23H         LINE#         120
  C:3E29H         LINE#         121
  C:3E2CH         LINE#         122
  C:3E31H         LINE#         123
  -------         ENDPROC       RECVDATA
  -------         PROC          SENDACK
  C:3E8BH         LINE#         132
  C:3E8BH         LINE#         133
  C:3E8BH         LINE#         134
  C:3E90H         LINE#         135
  C:3E96H         LINE#         136
  -------         ENDPROC       SENDACK
BL51 BANKED LINKER/LOCATER V6.22.4.0                                                  09/14/2026  21:08:48  PAGE 31


  -------         PROC          SENDNAK
  C:3E32H         LINE#         146
  C:3E32H         LINE#         147
  C:3E32H         LINE#         148
  C:3E38H         LINE#         149
  C:3E3EH         LINE#         150
  -------         ENDPROC       SENDNAK
  -------         PROC          STOP
  C:3EE4H         LINE#         160
  C:3EE4H         LINE#         161
  C:3EE4H         LINE#         162
  C:3EEAH         LINE#         163
  -------         ENDPROC       STOP
  -------         PROC          _SENDCMDDATA
  D:0007H         SYMBOL        cmd
  D:0005H         SYMBOL        dat
  C:000EH         LINE#         173
  C:000EH         LINE#         174
  C:000EH         LINE#         175
  C:0013H         LINE#         176
  C:0018H         LINE#         177
  -------         ENDPROC       _SENDCMDDATA
  -------         PROC          _I2C_WRITENBYTE
  D:0007H         SYMBOL        dev_addr
  D:0005H         SYMBOL        mem_addr
  X:03C0H         SYMBOL        p
  X:03C3H         SYMBOL        number
  C:39B5H         LINE#         187
  C:39C0H         LINE#         188
  C:39C0H         LINE#         189
  C:39C0H         LINE#         190
  C:39C0H         LINE#         191
  C:39C0H         LINE#         192
  C:39C0H         LINE#         193
  C:39C3H         LINE#         195
  C:39C3H         LINE#         196
  C:39DAH         LINE#         197
  C:39DDH         LINE#         198
  C:39DDH         LINE#         199
  C:39E5H         LINE#         200
  -------         ENDPROC       _I2C_WRITENBYTE
  -------         PROC          _I2C_READNBYTE
  D:0006H         SYMBOL        dev_addr
  D:0005H         SYMBOL        mem_addr
  D:0001H         SYMBOL        p
  X:040CH         SYMBOL        number
  C:3638H         LINE#         210
  C:363AH         LINE#         211
  C:363AH         LINE#         212
  C:363AH         LINE#         213
  C:363AH         LINE#         214
  C:363AH         LINE#         215
  C:363AH         LINE#         216
  C:363DH         LINE#         217
  C:3640H         LINE#         218
  C:3647H         LINE#         219
  C:364AH         LINE#         221
BL51 BANKED LINKER/LOCATER V6.22.4.0                                                  09/14/2026  21:08:48  PAGE 32


  C:364AH         LINE#         222
  C:3651H         LINE#         223
  C:3658H         LINE#         224
  C:3663H         LINE#         225
  C:3663H         LINE#         226
  C:366BH         LINE#         227
  C:366EH         LINE#         228
  -------         ENDPROC       _I2C_READNBYTE
  -------         ENDMOD        I2C

  -------         MODULE        I2C_ISR
  C:0000H         SYMBOL        _ICE_DUMMY_
  D:0080H         PUBLIC        P0
  D:0090H         PUBLIC        P1
  D:00A0H         PUBLIC        P2
  D:00B0H         PUBLIC        P3
  D:00C0H         PUBLIC        P4
  D:00C8H         PUBLIC        P5
  D:00E8H         PUBLIC        P6
  D:00F8H         PUBLIC        P7
  D:00A8H         PUBLIC        IE
  D:00B8H         PUBLIC        IP
  C:2AD2H         PUBLIC        I2C_ISR_Handler
  D:0098H         PUBLIC        SCON
  D:0088H         PUBLIC        TCON
  D:00F0H         PUBLIC        B
  D:00E0H         PUBLIC        ACC
  B:0020H.0       PUBLIC        DisplayFlag
  X:0411H         PUBLIC        I2CIsr
  D:00D0H         PUBLIC        PSW
  -------         PROC          I2C_ISR_HANDLER
  C:2AD2H         LINE#         34
  C:2AE1H         LINE#         37
  C:2AE8H         LINE#         38
  C:2AE8H         LINE#         39
  C:2AECH         LINE#         40
  C:2AEFH         LINE#         41
  C:2AF6H         LINE#         42
  C:2AF6H         LINE#         43
  C:2AFAH         LINE#         44
  C:2B00H         LINE#         45
  C:2B00H         LINE#         46
  C:2B02H         LINE#         47
  C:2B04H         LINE#         48
  C:2B0AH         LINE#         49
  C:2B0AH         LINE#         50
  C:2B0CH         LINE#         51
  C:2B14H         LINE#         52
  C:2B15H         LINE#         53
  C:2B17H         LINE#         55
  C:2B17H         LINE#         56
  C:2B2FH         LINE#         57
  C:2B2FH         LINE#         58
  C:2B31H         LINE#         59
  C:2B38H         LINE#         60
  C:2B38H         LINE#         61
  C:2B3CH         LINE#         62
BL51 BANKED LINKER/LOCATER V6.22.4.0                                                  09/14/2026  21:08:48  PAGE 33


  C:2B40H         LINE#         63
  C:2B40H         LINE#         64
  C:2B46H         LINE#         65
  C:2B48H         LINE#         67
  C:2B48H         LINE#         68
  C:2B5CH         LINE#         69
  C:2B5CH         LINE#         70
  C:2B5EH         LINE#         71
  C:2B65H         LINE#         72
  C:2B65H         LINE#         73
  C:2B69H         LINE#         74
  C:2B6FH         LINE#         75
  C:2B73H         LINE#         76
  C:2B75H         LINE#         77
  C:2B75H         LINE#         78
  -------         ENDPROC       I2C_ISR_HANDLER
  -------         ENDMOD        I2C_ISR

  -------         MODULE        NVIC
  C:0000H         SYMBOL        _ICE_DUMMY_
  D:0080H         PUBLIC        P0
  D:0090H         PUBLIC        P1
  D:00A0H         PUBLIC        P2
  D:00B0H         PUBLIC        P3
  D:00C0H         PUBLIC        P4
  C:36E1H         PUBLIC        _NVIC_DMA_ADC_Init
  D:00C8H         PUBLIC        P5
  D:00E8H         PUBLIC        P6
  D:00F8H         PUBLIC        P7
  C:3719H         PUBLIC        _NVIC_DMA_M2M_Init
  B:00A8H.5       PUBLIC        EADC
  D:00A8H         PUBLIC        IE
  D:00B6H         PUBLIC        IP2H
  D:00EEH         PUBLIC        IP3H
  D:008FH         PUBLIC        INTCLKO
  B:00A8H.4       PUBLIC        ES
  C:3949H         PUBLIC        _NVIC_DMA_LCM_Init
  B:00B8H.5       PUBLIC        PADC
  D:00B8H         PUBLIC        IP
  B:00B8H.4       PUBLIC        PS
  C:34FAH         PUBLIC        _NVIC_INT0_Init
  C:353BH         PUBLIC        _NVIC_INT1_Init
  C:3CD7H         PUBLIC        _NVIC_INT2_Init
  C:3CBEH         PUBLIC        _NVIC_INT3_Init
  D:00E6H         PUBLIC        CMPCR1
  C:3751H         PUBLIC        _NVIC_DMA_SPI_Init
  C:3CA4H         PUBLIC        _NVIC_INT4_Init
  D:0098H         PUBLIC        SCON
[...]
  -------         ENDPROC       _PUTCHAR
  -------         ENDMOD        UART

  -------         MODULE        UART_ISR
  C:0000H         SYMBOL        _ICE_DUMMY_
  D:0080H         PUBLIC        P0
  D:0090H         PUBLIC        P1
  D:00A0H         PUBLIC        P2
  D:00B0H         PUBLIC        P3
  D:00C0H         PUBLIC        P4
  D:00C8H         PUBLIC        P5
  D:00E8H         PUBLIC        P6
  D:00F8H         PUBLIC        P7
  D:00A8H         PUBLIC        IE
  D:00B8H         PUBLIC        IP
  B:0098H.0       PUBLIC        RI
  B:0098H.1       PUBLIC        TI
  D:0099H         PUBLIC        SBUF
  D:0098H         PUBLIC        SCON
  D:0088H         PUBLIC        TCON
  D:00F0H         PUBLIC        B
  D:00E0H         PUBLIC        ACC
  C:31F5H         PUBLIC        UART1_ISR_Handler
  C:30FFH         PUBLIC        UART2_ISR_Handler
  C:3151H         PUBLIC        UART3_ISR_Handler
  D:009BH         PUBLIC        S2BUF
BL51 BANKED LINKER/LOCATER V6.22.4.0                                                  09/14/2026  21:08:48  PAGE 58


  C:31A3H         PUBLIC        UART4_ISR_Handler
  D:00ADH         PUBLIC        S3BUF
  D:0085H         PUBLIC        S4BUF
  D:009AH         PUBLIC        S2CON
  D:00ACH         PUBLIC        S3CON
  D:0084H         PUBLIC        S4CON
  D:00D0H         PUBLIC        PSW
  -------         PROC          UART1_ISR_HANDLER
  C:31F5H         LINE#         23
  C:3202H         LINE#         25
  C:3205H         LINE#         26
  C:3205H         LINE#         27
  C:3207H         LINE#         29
  C:3212H         LINE#         30
  C:3226H         LINE#         31
  C:322CH         LINE#         32
  C:322CH         LINE#         34
  C:322FH         LINE#         35
  C:322FH         LINE#         36
  C:3231H         LINE#         46
  C:3236H         LINE#         48
  C:3236H         LINE#         49
  -------         ENDPROC       UART1_ISR_HANDLER
  -------         PROC          UART2_ISR_HANDLER
  C:30FFH         LINE#         60
  C:310CH         LINE#         62
  C:3111H         LINE#         63
  C:3111H         LINE#         64
  C:3114H         LINE#         67
  C:311FH         LINE#         68
  C:3133H         LINE#         69
  C:3139H         LINE#         70
  C:3139H         LINE#         72
  C:313EH         LINE#         73
  C:313EH         LINE#         74
  C:3141H         LINE#         84
  C:3146H         LINE#         86
  C:3146H         LINE#         87
  -------         ENDPROC       UART2_ISR_HANDLER
  -------         PROC          UART3_ISR_HANDLER
  C:3151H         LINE#         98
  C:315EH         LINE#         100
  C:3163H         LINE#         101
  C:3163H         LINE#         102
  C:3166H         LINE#         104
  C:3171H         LINE#         105
  C:3185H         LINE#         106
  C:318BH         LINE#         107
  C:318BH         LINE#         109
  C:3190H         LINE#         110
  C:3190H         LINE#         111
  C:3193H         LINE#         121
  C:3198H         LINE#         123
  C:3198H         LINE#         124
  -------         ENDPROC       UART3_ISR_HANDLER
  -------         PROC          UART4_ISR_HANDLER
  C:31A3H         LINE#         135
BL51 BANKED LINKER/LOCATER V6.22.4.0                                                  09/14/2026  21:08:48  PAGE 59


  C:31B0H         LINE#         137
  C:31B5H         LINE#         138
  C:31B5H         LINE#         139
  C:31B8H         LINE#         141
  C:31C3H         LINE#         142
  C:31D7H         LINE#         143
  C:31DDH         LINE#         144
  C:31DDH         LINE#         146
  C:31E2H         LINE#         147
  C:31E2H         LINE#         148
  C:31E5H         LINE#         158
  C:31EAH         LINE#         160
  C:31EAH         LINE#         161
  -------         ENDPROC       UART4_ISR_HANDLER
  -------         ENDMOD        UART_ISR

  -------         MODULE        ?RTX51_TINY_KERNAL
  C:3EFDH         SEGMENT       ?RTX?TASKENT?S
  I:0014H         SEGMENT       ?RTX?TASKSP?S
  I:000EH         SEGMENT       ?RTX?TASKSTATE?S
  B:0020H.2       SEGMENT       ?RTX?BITS
  C:1C6DH         SEGMENT       ?RTX?CODE
  C:1E2DH         PUBLIC        ?RTX?SET_ISR
  D:000CH         PUBLIC        ?RTX_CURRENTTASK
  D:0007H         PUBLIC        ?RTX_NEXTID
  C:1E70H         PUBLIC        ?RTX_NEXTTASK
  N:00FFH         PUBLIC        ?RTX_RAMTOP
  C:3EFDH         PUBLIC        ?RTX_TASKENTRY
  C:1F4FH         PUBLIC        ?RTX_TASKIDX
  I:0014H         PUBLIC        ?RTX_TASKSP
  I:000EH         PUBLIC        ?RTX_TASKSTATUS
  C:1F13H         PUBLIC        MAIN
  C:1E59H         PUBLIC        OS_SWITCH_TASK
  C:1E62H         SYMBOL        ?C0001
  C:1E6CH         SYMBOL        ?C0003
  C:1E71H         SYMBOL        ?C0005
  C:1E8BH         SYMBOL        ?C0007
  C:1E8DH         SYMBOL        ?C0009
  C:1E97H         SYMBOL        ?C0011
  C:1EC4H         SYMBOL        ?C0012
  C:1EAAH         SYMBOL        ?C0013
  C:1EAFH         SYMBOL        ?C0015
  C:1EBAH         SYMBOL        ?C0016
  N:0000H         SYMBOL        ?RTX51_TINY_KERNAL
  N:D8F0H         SYMBOL        ?RTX_CLOCK
  N:0008H         SYMBOL        ?RTX_REGISTERBANK
  D:000DH         SYMBOL        ?RTX_ROBINTIME
  D:000AH         SYMBOL        ?RTX_SAVEACC
  D:000BH         SYMBOL        ?RTX_SAVEPSW
  C:1DDEH         SYMBOL        ?RTX_STACKERROR
  C:1E31H         SYMBOL        ?RTX_TASKSWITCHING
  B:0020H.2       SYMBOL        ?RTX_TS_DELAY
  D:00E0H         SYMBOL        ACC
  D:00F0H         SYMBOL        B
  N:0005H         SYMBOL        B_ACTIVE
  N:0007H         SYMBOL        B_IVL
  N:0007H         SYMBOL        B_RDY
BL51 BANKED LINKER/LOCATER V6.22.4.0                                                  09/14/2026  21:08:48  PAGE 60


  N:0004H         SYMBOL        B_READY
  N:0006H         SYMBOL        B_ROBIN
  N:0002H         SYMBOL        B_SIGNAL
  N:0003H         SYMBOL        B_TIMEOUT
  N:0000H         SYMBOL        B_WAITSIG
  N:0001H         SYMBOL        B_WAITTIM
  C:1E2EH         SYMBOL        CHECKROBINTIME
  C:1E08H         SYMBOL        CHECKSTACK
  N:0000H         SYMBOL        CODE_BANKING
  N:0000H         SYMBOL        CPU_IDLE_CODE
  D:0083H         SYMBOL        DPH
  D:0082H         SYMBOL        DPL
  B:00A8H.7       SYMBOL        EA
  B:00A8H.4       SYMBOL        ES
  B:00A8H.1       SYMBOL        ET0
  B:00A8H.3       SYMBOL        ET1
  B:00A8H.0       SYMBOL        EX0
  B:00A8H.2       SYMBOL        EX1
  N:0014H         SYMBOL        FREE_STACK
  C:1DE2H         SYMBOL        HW_TIMER
  D:00A8H         SYMBOL        IE
  B:0088H.1       SYMBOL        IE0
  B:0088H.3       SYMBOL        IE1
  N:2710H         SYMBOL        INT_CLOCK
  N:0001H         SYMBOL        INT_REGBANK
  B:0088H.0       SYMBOL        IT0
  B:0088H.2       SYMBOL        IT1
  N:0020H         SYMBOL        K_ACTIVE
  N:0080H         SYMBOL        K_IVL
  N:0080H         SYMBOL        K_RDY
  N:0010H         SYMBOL        K_READY
  N:0040H         SYMBOL        K_ROBIN
  N:0001H         SYMBOL        K_SIG
  N:0002H         SYMBOL        K_TMO
  N:0000H         SYMBOL        LONG_USR_INTR
  C:1F1CH         SYMBOL        MAIN1
  C:1F26H         SYMBOL        MAIN1X
  C:1F21H         SYMBOL        MAIN2
  C:1EE7H         SYMBOL        NOEVENT
  C:1E2DH         SYMBOL        NOROBINTIMEOUT
  C:1E24H         SYMBOL        NOTIMEOUT
  C:1E22H         SYMBOL        NOWAITTIMEOUT
  C:1E59H         SYMBOL        OS_SWITCH_TASK1
  D:0087H         SYMBOL        PCON
  D:00D0H         SYMBOL        PSW
  N:00FFH         SYMBOL        RAMTOP
  N:0080H         SYMBOL        RDY_EVENT
  C:1EF3H         SYMBOL        ROBINON
  C:1EDBH         SYMBOL        SIGNALOFF
  C:1EE7H         SYMBOL        SIGNALON
  N:0004H         SYMBOL        SIG_EVENT
  D:0081H         SYMBOL        SP
  I:000FH         SYMBOL        TASKSTATE
  D:0088H         SYMBOL        TCON
  B:0088H.5       SYMBOL        TF0
  B:0088H.7       SYMBOL        TF1
  D:008CH         SYMBOL        TH0
BL51 BANKED LINKER/LOCATER V6.22.4.0                                                  09/14/2026  21:08:48  PAGE 61


  D:008DH         SYMBOL        TH1
  C:1EE3H         SYMBOL        TIMEOUTON
  C:1DE3H         SYMBOL        TIMERINT
  C:1E14H         SYMBOL        TIMERLOOP
  I:000EH         SYMBOL        TIMERVAL
  N:0005H         SYMBOL        TIMESHARING
  D:008AH         SYMBOL        TL0
  D:008BH         SYMBOL        TL1
  D:0089H         SYMBOL        TMOD
  N:0008H         SYMBOL        TMO_EVENT
  B:0088H.4       SYMBOL        TR0
  B:0088H.6       SYMBOL        TR1
  C:000BH         LINE#         271
  C:1DDEH         LINE#         279
  C:1DE0H         LINE#         279
  C:1DE2H         LINE#         282
  C:1DE3H         LINE#         299
  C:1DE6H         LINE#         301
  C:1DE9H         LINE#         302
  C:1DECH         LINE#         303
  C:1DEEH         LINE#         305
  C:1DF0H         LINE#         306
  C:1DF2H         LINE#         307
  C:1DF4H         LINE#         308
  C:1DF6H         LINE#         309
  C:1DF8H         LINE#         310
  C:1DFAH         LINE#         311
  C:1DFCH         LINE#         312
  C:1DFEH         LINE#         316
  C:1DFFH         LINE#         317
  C:1E01H         LINE#         318
  C:1E02H         LINE#         319
  C:1E03H         LINE#         320
  C:1E06H         LINE#         321
  C:1E08H         LINE#         322
  C:1E09H         LINE#         323
  C:1E0BH         LINE#         324
  C:1E0EH         LINE#         325
  C:1E10H         LINE#         329
  C:1E12H         LINE#         330
  C:1E14H         LINE#         331
  C:1E15H         LINE#         332
  C:1E16H         LINE#         333
  C:1E17H         LINE#         334
  C:1E19H         LINE#         335
  C:1E1BH         LINE#         336
  C:1E1CH         LINE#         337
  C:1E1FH         LINE#         338
  C:1E21H         LINE#         339
  C:1E22H         LINE#         340
  C:1E24H         LINE#         341
  C:1E25H         LINE#         342
  C:1E27H         LINE#         344
  C:1E28H         LINE#         345
  C:1E2AH         LINE#         360
  C:1E2DH         LINE#         366
  C:1E2EH         LINE#         367
BL51 BANKED LINKER/LOCATER V6.22.4.0                                                  09/14/2026  21:08:48  PAGE 62


  C:1E31H         LINE#         370
  C:1E33H         LINE#         371
  C:1E35H         LINE#         372
  C:1E37H         LINE#         373
  C:1E39H         LINE#         374
  C:1E3BH         LINE#         375
  C:1E3DH         LINE#         376
  C:1E3FH         LINE#         377
  C:1E41H         LINE#         378
  C:1E43H         LINE#         379
  C:1E45H         LINE#         380
  C:1E47H         LINE#         381
  C:1E49H         LINE#         382
  C:1E4BH         LINE#         387
  C:1E4DH         LINE#         388
  C:1E4EH         LINE#         389
  C:1E50H         LINE#         390
  C:1E51H         LINE#         391
  C:1E53H         LINE#         392
  C:1E55H         LINE#         393
  C:1E56H         LINE#         394
  C:1E57H         LINE#         395
  C:1E59H         LINE#         424
  C:1E5BH         LINE#         426
  C:1E5DH         LINE#         427
  C:1E5EH         LINE#         429
  C:1E5FH         LINE#         430
  C:1E61H         LINE#         431
  C:1E62H         LINE#         434
  C:1E63H         LINE#         435
  C:1E64H         LINE#         436
  C:1E65H         LINE#         444
  C:1E68H         LINE#         445
  C:1E6AH         LINE#         446
  C:1E6CH         LINE#         449
  C:1E6DH         LINE#         450
  C:1E70H         LINE#         458
  C:1E71H         LINE#         462
  C:1E73H         LINE#         463
  C:1E74H         LINE#         464
  C:1E75H         LINE#         465
  C:1E77H         LINE#         468
  C:1E79H         LINE#         470
  C:1E7BH         LINE#         471
  C:1E7DH         LINE#         472
  C:1E7EH         LINE#         473
  C:1E7FH         LINE#         474
  C:1E80H         LINE#         476
  C:1E82H         LINE#         478
  C:1E83H         LINE#         479
  C:1E84H         LINE#         480
  C:1E86H         LINE#         481
  C:1E89H         LINE#         482
  C:1E8BH         LINE#         484
  C:1E8CH         LINE#         485
  C:1E8DH         LINE#         490
  C:1E8EH         LINE#         491
BL51 BANKED LINKER/LOCATER V6.22.4.0                                                  09/14/2026  21:08:48  PAGE 63


  C:1E8FH         LINE#         492
  C:1E91H         LINE#         496
  C:1E92H         LINE#         497
  C:1E93H         LINE#         498
  C:1E95H         LINE#         499
  C:1E97H         LINE#         505
  C:1E99H         LINE#         506
  C:1E9AH         LINE#         507
  C:1E9BH         LINE#         508
  C:1E9DH         LINE#         510
  C:1E9FH         LINE#         511
  C:1EA1H         LINE#         512
  C:1EA2H         LINE#         513
  C:1EA3H         LINE#         516
  C:1EA5H         LINE#         517
  C:1EA8H         LINE#         518
  C:1EAAH         LINE#         520
  C:1EABH         LINE#         522
  C:1EACH         LINE#         523
  C:1EADH         LINE#         524
  C:1EAEH         LINE#         525
  C:1EAFH         LINE#         529
  C:1EB1H         LINE#         530
  C:1EB2H         LINE#         531
  C:1EB4H         LINE#         535
  C:1EB6H         LINE#         536
  C:1EB7H         LINE#         537
  C:1EB8H         LINE#         539
  C:1EBAH         LINE#         543
  C:1EBCH         LINE#         544
  C:1EBEH         LINE#         545
  C:1EBFH         LINE#         546
  C:1EC0H         LINE#         548
  C:1EC2H         LINE#         549
  C:1EC4H         LINE#         555
  C:1EC7H         LINE#         559
  C:1EC9H         LINE#         560
  C:1ECAH         LINE#         561
  C:1ECCH         LINE#         562
  C:1ECDH         LINE#         563
  C:1ECFH         LINE#         564
  C:1ED1H         LINE#         565
  C:1ED2H         LINE#         567
  C:1ED5H         LINE#         571
  C:1ED8H         LINE#         572
  C:1EDBH         LINE#         576
  C:1EDDH         LINE#         577
  C:1EE0H         LINE#         578
  C:1EE3H         LINE#         580
  C:1EE5H         LINE#         581
  C:1EE7H         LINE#         583
  C:1EE9H         LINE#         584
  C:1EEAH         LINE#         585
  C:1EECH         LINE#         587
  C:1EEEH         LINE#         588
  C:1EF0H         LINE#         594
  C:1EF2H         LINE#         595
BL51 BANKED LINKER/LOCATER V6.22.4.0                                                  09/14/2026  21:08:48  PAGE 64


  C:1EF3H         LINE#         608
  C:1EF4H         LINE#         609
  C:1EF6H         LINE#         614
  C:1EF8H         LINE#         615
  C:1EFAH         LINE#         616
  C:1EFCH         LINE#         617
  C:1EFEH         LINE#         618
  C:1F00H         LINE#         619
  C:1F02H         LINE#         620
  C:1F04H         LINE#         621
  C:1F06H         LINE#         622
  C:1F08H         LINE#         623
  C:1F0AH         LINE#         624
  C:1F0CH         LINE#         625
  C:1F0EH         LINE#         626
  C:1F10H         LINE#         627
  C:1F12H         LINE#         628
  C:1F13H         LINE#         642
  C:1F15H         LINE#         643
  C:1F17H         LINE#         644
  C:1F19H         LINE#         645
  C:1F1BH         LINE#         646
  C:1F1CH         LINE#         647
  C:1F1DH         LINE#         648
  C:1F1FH         LINE#         649
  C:1F21H         LINE#         650
  C:1F23H         LINE#         651
  C:1F24H         LINE#         652
  C:1F26H         LINE#         653
  C:1F27H         LINE#         654
  C:1F28H         LINE#         655
  C:1F29H         LINE#         656
  C:1F2AH         LINE#         657
  C:1F2CH         LINE#         658
  C:1F2EH         LINE#         659
  C:1F30H         LINE#         660
  C:1F33H         LINE#         661
  C:1F35H         LINE#         662
  C:1F36H         LINE#         663
  C:1F38H         LINE#         664
  C:1F39H         LINE#         665
  C:1F3AH         LINE#         666
  C:1F3CH         LINE#         668
  C:1F3FH         LINE#         670
  C:1F42H         LINE#         671
  C:1F45H         LINE#         672
  C:1F48H         LINE#         673
  C:1F4AH         LINE#         674
  C:1F4CH         LINE#         675
  C:1F4EH         LINE#         676
  -------         ENDMOD        ?RTX51_TINY_KERNAL

  -------         MODULE        ?C?FPMUL
  C:1011H         PUBLIC        ?C?FPMUL
  -------         ENDMOD        ?C?FPMUL

  -------         MODULE        ?C?CASTF
BL51 BANKED LINKER/LOCATER V6.22.4.0                                                  09/14/2026  21:08:48  PAGE 65


  C:1117H         PUBLIC        ?C?CASTF
  -------         ENDMOD        ?C?CASTF

  -------         MODULE        ?C?CLDPTR
  C:1198H         PUBLIC        ?C?CLDPTR
  -------         ENDMOD        ?C?CLDPTR

  -------         MODULE        ?C?CLDOPTR
  C:11B1H         PUBLIC        ?C?CLDOPTR
  -------         ENDMOD        ?C?CLDOPTR

  -------         MODULE        ?C?CSTPTR
  C:11DEH         PUBLIC        ?C?CSTPTR
  -------         ENDMOD        ?C?CSTPTR

  -------         MODULE        ?C?CSTOPTR
  C:11F0H         PUBLIC        ?C?CSTOPTR
  -------         ENDMOD        ?C?CSTOPTR

  -------         MODULE        ?C?IMUL
  C:1212H         PUBLIC        ?C?IMUL
  -------         ENDMOD        ?C?IMUL

  -------         MODULE        ?C?UIDIV
  C:1224H         PUBLIC        ?C?UIDIV
  -------         ENDMOD        ?C?UIDIV

  -------         MODULE        ?C?ILDIX
  C:1279H         PUBLIC        ?C?ILDIX
  -------         ENDMOD        ?C?ILDIX

  -------         MODULE        ?C?ILDPTR
  C:128FH         PUBLIC        ?C?ILDPTR
  -------         ENDMOD        ?C?ILDPTR

  -------         MODULE        ?C?ILDOPTR
  C:12BAH         PUBLIC        ?C?ILDOPTR
  -------         ENDMOD        ?C?ILDOPTR

  -------         MODULE        ?C?LMUL
  C:12F2H         PUBLIC        ?C?LMUL
  -------         ENDMOD        ?C?LMUL

  -------         MODULE        ?C?ULDIV
  C:137DH         PUBLIC        ?C?ULDIV
  -------         ENDMOD        ?C?ULDIV

  -------         MODULE        ?C?LNEG
  C:140FH         PUBLIC        ?C?LNEG
  -------         ENDMOD        ?C?LNEG

  -------         MODULE        ?C?ULCMP
  C:141DH         PUBLIC        ?C?ULCMP
  -------         ENDMOD        ?C?ULCMP

  -------         MODULE        ?C?ULSHR
  C:142EH         PUBLIC        ?C?ULSHR
BL51 BANKED LINKER/LOCATER V6.22.4.0                                                  09/14/2026  21:08:48  PAGE 66


  -------         ENDMOD        ?C?ULSHR

  -------         MODULE        ?C?LLDOPTR0
  C:1441H         PUBLIC        ?C?LLDOPTR0
  -------         ENDMOD        ?C?LLDOPTR0

  -------         MODULE        ?C?LSTXDATA
  C:1471H         PUBLIC        ?C?LSTXDATA
  -------         ENDMOD        ?C?LSTXDATA

  -------         MODULE        ?C?LSTKXDATA
  C:147DH         PUBLIC        ?C?LSTKXDATA
  -------         ENDMOD        ?C?LSTKXDATA

  -------         MODULE        ?C?LCASE
  C:14AEH         PUBLIC        ?C?LCASE
  -------         ENDMOD        ?C?LCASE

  -------         MODULE        ?C?LLDIDATA0
  C:14E8H         PUBLIC        ?C?LLDIDATA0
  -------         ENDMOD        ?C?LLDIDATA0

  -------         MODULE        ?C?LLDXDATA0
  C:14F5H         PUBLIC        ?C?LLDXDATA0
  -------         ENDMOD        ?C?LLDXDATA0

  -------         MODULE        ?C?LLDPDATA0
  C:1501H         PUBLIC        ?C?LLDPDATA0
  -------         ENDMOD        ?C?LLDPDATA0

  -------         MODULE        ?C?LLDCODE0
  C:150EH         PUBLIC        ?C?LLDCODE0
  -------         ENDMOD        ?C?LLDCODE0

Program Size: data=24.3 xdata=1048 code=16125
LINK/LOCATE RUN COMPLETE.  0 WARNING(S),  0 ERROR(S)
