C51 COMPILER V9.60.7.0   SPI_ISR                                                           09/14/2026 21:08:47 PAGE 1   


C51 COMPILER V9.60.7.0, COMPILATION OF MODULE SPI_ISR
OBJECT MODULE PLACED IN .\Objects\SPI_Isr.obj
COMPILER INVOKED BY: D:\Develop\Keil_v5\C51\BIN\C51.EXE Lib\SPI_Isr.c LARGE OPTIMIZE(8,SPEED) BROWSE INCDIR(.\App;.\Driv
                    -er;.\Lib;.\User;.\Driver\I2C_OLED;.\Driver\SPI_OLED) DEBUG OBJECTEXTEND PRINT(.\Listings\SPI_Isr.lst) OBJECT(.\Objects\S
                    -PI_Isr.obj)

line level    source

   1          /*---------------------------------------------------------------------*/
   2          /* --- STC MCU Limited ------------------------------------------------*/
   3          /* --- STC 1T Series MCU Demo Programme -------------------------------*/
   4          /* --- Mobile: (86)13922805190 ----------------------------------------*/
   5          /* --- Fax: 86-0513-55012956,55012947,55012969 ------------------------*/
   6          /* --- Tel: 86-0513-55012928,55012929,55012966 ------------------------*/
   7          /* --- Web: www.STCAI.com ---------------------------------------------*/
   8          /* --- BBS: www.STCAIMCU.com  -----------------------------------------*/
   9          /* --- QQ:  800003751 -------------------------------------------------*/
  10          /* 如果要在程序中使用此代码,请在程序中注明使用了STC的资料及程序            */
  11          /*---------------------------------------------------------------------*/
  12          
  13          #include        "SPI.h"
  14          
  15          //========================================================================
  16          //                               本地变量声明
  17          //========================================================================
  18          
  19          u8      SPI_RxCnt;
  20          
  21          //========================================================================
  22          // 函数: SPI_ISR_Handler
  23          // 描述: SPI中断函数.
  24          // 参数: none.
  25          // 返回: none.
  26          // 版本: V1.0, 2020-09-23
  27          //========================================================================
  28          void SPI_ISR_Handler() interrupt SPI_VECTOR
  29          {
  30   1              if(SPCTL & 0x10)        //主机模式
  31   1              {
  32   2                      B_SPI_Busy = 0;
  33   2              }
  34   1              else                                                    //从机模式
  35   1              {
  36   2                      if(SPI_RxCnt >= SPI_BUF_LENTH)          SPI_RxCnt = 0;
  37   2                      SPI_RxBuffer[SPI_RxCnt++] = SPDAT;
  38   2                      SPI_RxTimerOut = 5;
  39   2              }
  40   1              SPSTAT = SPIF + WCOL;   //清0 SPIF和WCOL标志
  41   1      }
  42          


MODULE INFORMATION:   STATIC OVERLAYABLE
   CODE SIZE        =     73    ----
   CONSTANT SIZE    =   ----    ----
   XDATA SIZE       =      1    ----
   PDATA SIZE       =   ----    ----
   DATA SIZE        =   ----    ----
   IDATA SIZE       =   ----    ----
   BIT SIZE         =   ----    ----
END OF MODULE INFORMATION.

C51 COMPILER V9.60.7.0   SPI_ISR                                                           09/14/2026 21:08:47 PAGE 2   


C51 COMPILATION COMPLETE.  0 WARNING(S),  0 ERROR(S)
